<?xml version="1.0"?>
<link_info>
   <banner>TI ARM Linker PC v15.12.3.LTS</banner>
   <copyright>Copyright (c) 1996-2015 Texas Instruments Incorporated</copyright>
   <link_time>0x5b3feaab</link_time>
   <link_errors>0x0</link_errors>
   <output_file>MicroServo9g_ControleRemoto.out</output_file>
   <entry_point>
      <name>_c_int00</name>
      <address>0xcbd</address>
   </entry_point>
   <input_file_list>
      <input_file id="fl-2">
         <path>.\</path>
         <kind>object</kind>
         <file>main.obj</file>
         <name>main.obj</name>
      </input_file>
      <input_file id="fl-3">
         <path>.\</path>
         <kind>object</kind>
         <file>mat.obj</file>
         <name>mat.obj</name>
      </input_file>
      <input_file id="fl-4">
         <path>.\</path>
         <kind>object</kind>
         <file>pwm.obj</file>
         <name>pwm.obj</name>
      </input_file>
      <input_file id="fl-5">
         <path>.\</path>
         <kind>object</kind>
         <file>rx.obj</file>
         <name>rx.obj</name>
      </input_file>
      <input_file id="fl-6">
         <path>.\</path>
         <kind>object</kind>
         <file>time.obj</file>
         <name>time.obj</name>
      </input_file>
      <input_file id="fl-7">
         <path>.\</path>
         <kind>object</kind>
         <file>tm4c123gh6pm_startup_ccs.obj</file>
         <name>tm4c123gh6pm_startup_ccs.obj</name>
      </input_file>
      <input_file id="fl-d">
         <path>C:\ti\TivaWare_C_Series-2.1.4.178\driverlib\ccs\Debug\</path>
         <kind>archive</kind>
         <file>driverlib.lib</file>
         <name>gpio.obj</name>
      </input_file>
      <input_file id="fl-e">
         <path>C:\ti\TivaWare_C_Series-2.1.4.178\driverlib\ccs\Debug\</path>
         <kind>archive</kind>
         <file>driverlib.lib</file>
         <name>interrupt.obj</name>
      </input_file>
      <input_file id="fl-f">
         <path>C:\ti\TivaWare_C_Series-2.1.4.178\driverlib\ccs\Debug\</path>
         <kind>archive</kind>
         <file>driverlib.lib</file>
         <name>pwm.obj</name>
      </input_file>
      <input_file id="fl-10">
         <path>C:\ti\TivaWare_C_Series-2.1.4.178\driverlib\ccs\Debug\</path>
         <kind>archive</kind>
         <file>driverlib.lib</file>
         <name>sysctl.obj</name>
      </input_file>
      <input_file id="fl-11">
         <path>C:\ti\TivaWare_C_Series-2.1.4.178\driverlib\ccs\Debug\</path>
         <kind>archive</kind>
         <file>driverlib.lib</file>
         <name>systick.obj</name>
      </input_file>
      <input_file id="fl-12">
         <path>C:\ti\TivaWare_C_Series-2.1.4.178\driverlib\ccs\Debug\</path>
         <kind>archive</kind>
         <file>driverlib.lib</file>
         <name>cpu.obj</name>
      </input_file>
      <input_file id="fl-c8">
         <path>C:\ti\ccsv6\tools\compiler\arm_15.12.3.LTS\lib\</path>
         <kind>archive</kind>
         <file>rtsv7M4_T_le_v4SPD16_eabi.lib</file>
         <name>boot.obj</name>
      </input_file>
      <input_file id="fl-c9">
         <path>C:\ti\ccsv6\tools\compiler\arm_15.12.3.LTS\lib\</path>
         <kind>archive</kind>
         <file>rtsv7M4_T_le_v4SPD16_eabi.lib</file>
         <name>copy_decompress_none.obj</name>
      </input_file>
      <input_file id="fl-ca">
         <path>C:\ti\ccsv6\tools\compiler\arm_15.12.3.LTS\lib\</path>
         <kind>archive</kind>
         <file>rtsv7M4_T_le_v4SPD16_eabi.lib</file>
         <name>copy_decompress_rle.obj</name>
      </input_file>
      <input_file id="fl-cb">
         <path>C:\ti\ccsv6\tools\compiler\arm_15.12.3.LTS\lib\</path>
         <kind>archive</kind>
         <file>rtsv7M4_T_le_v4SPD16_eabi.lib</file>
         <name>copy_zero_init.obj</name>
      </input_file>
      <input_file id="fl-cc">
         <path>C:\ti\ccsv6\tools\compiler\arm_15.12.3.LTS\lib\</path>
         <kind>archive</kind>
         <file>rtsv7M4_T_le_v4SPD16_eabi.lib</file>
         <name>exit.obj</name>
      </input_file>
      <input_file id="fl-cd">
         <path>C:\ti\ccsv6\tools\compiler\arm_15.12.3.LTS\lib\</path>
         <kind>archive</kind>
         <file>rtsv7M4_T_le_v4SPD16_eabi.lib</file>
         <name>memcpy_t2.obj</name>
      </input_file>
      <input_file id="fl-ce">
         <path>C:\ti\ccsv6\tools\compiler\arm_15.12.3.LTS\lib\</path>
         <kind>archive</kind>
         <file>rtsv7M4_T_le_v4SPD16_eabi.lib</file>
         <name>memset_t2.obj</name>
      </input_file>
      <input_file id="fl-cf">
         <path>C:\ti\ccsv6\tools\compiler\arm_15.12.3.LTS\lib\</path>
         <kind>archive</kind>
         <file>rtsv7M4_T_le_v4SPD16_eabi.lib</file>
         <name>mpu_init.obj</name>
      </input_file>
      <input_file id="fl-d0">
         <path>C:\ti\ccsv6\tools\compiler\arm_15.12.3.LTS\lib\</path>
         <kind>archive</kind>
         <file>rtsv7M4_T_le_v4SPD16_eabi.lib</file>
         <name>pre_init.obj</name>
      </input_file>
      <input_file id="fl-d1">
         <path>C:\ti\ccsv6\tools\compiler\arm_15.12.3.LTS\lib\</path>
         <kind>archive</kind>
         <file>rtsv7M4_T_le_v4SPD16_eabi.lib</file>
         <name>stkdepth_vars.obj</name>
      </input_file>
      <input_file id="fl-d2">
         <path>C:\ti\ccsv6\tools\compiler\arm_15.12.3.LTS\lib\</path>
         <kind>archive</kind>
         <file>rtsv7M4_T_le_v4SPD16_eabi.lib</file>
         <name>_lock.obj</name>
      </input_file>
      <input_file id="fl-d3">
         <path>C:\ti\ccsv6\tools\compiler\arm_15.12.3.LTS\lib\</path>
         <kind>archive</kind>
         <file>rtsv7M4_T_le_v4SPD16_eabi.lib</file>
         <name>args_main.obj</name>
      </input_file>
      <input_file id="fl-d4">
         <path>C:\ti\ccsv6\tools\compiler\arm_15.12.3.LTS\lib\</path>
         <kind>archive</kind>
         <file>rtsv7M4_T_le_v4SPD16_eabi.lib</file>
         <name>autoinit.obj</name>
      </input_file>
      <input_file id="fl-d5">
         <path>C:\ti\ccsv6\tools\compiler\arm_15.12.3.LTS\lib\</path>
         <kind>archive</kind>
         <file>rtsv7M4_T_le_v4SPD16_eabi.lib</file>
         <name>cpy_tbl.obj</name>
      </input_file>
      <input_file id="fl-d6">
         <path>C:\ti\ccsv6\tools\compiler\arm_15.12.3.LTS\lib\</path>
         <kind>archive</kind>
         <file>rtsv7M4_T_le_v4SPD16_eabi.lib</file>
         <name>startup.obj</name>
      </input_file>
   </input_file_list>
   <object_component_list>
      <object_component id="oc-f">
         <name>.intvecs</name>
         <load_address>0x0</load_address>
         <run_address>0x0</run_address>
         <size>0x26c</size>
         <input_file_ref idref="fl-7"/>
      </object_component>
      <object_component id="oc-d9">
         <name>.text</name>
         <load_address>0x26c</load_address>
         <run_address>0x26c</run_address>
         <size>0x2e8</size>
         <input_file_ref idref="fl-5"/>
      </object_component>
      <object_component id="oc-1b2">
         <name>.text:GPIOPadConfigSet</name>
         <load_address>0x554</load_address>
         <run_address>0x554</run_address>
         <size>0x132</size>
         <input_file_ref idref="fl-d"/>
      </object_component>
      <object_component id="oc-59">
         <name>.text</name>
         <load_address>0x686</load_address>
         <run_address>0x686</run_address>
         <size>0x2</size>
         <input_file_ref idref="fl-cf"/>
      </object_component>
      <object_component id="oc-d3">
         <name>.text</name>
         <load_address>0x688</load_address>
         <run_address>0x688</run_address>
         <size>0x124</size>
         <input_file_ref idref="fl-4"/>
      </object_component>
      <object_component id="oc-122">
         <name>.text:SysCtlClockGet</name>
         <load_address>0x7ac</load_address>
         <run_address>0x7ac</run_address>
         <size>0x110</size>
         <input_file_ref idref="fl-10"/>
      </object_component>
      <object_component id="oc-134">
         <name>.text</name>
         <load_address>0x8bc</load_address>
         <run_address>0x8bc</run_address>
         <size>0x9c</size>
         <input_file_ref idref="fl-3"/>
      </object_component>
      <object_component id="oc-34">
         <name>.text</name>
         <load_address>0x958</load_address>
         <run_address>0x958</run_address>
         <size>0x9c</size>
         <input_file_ref idref="fl-cd"/>
      </object_component>
      <object_component id="oc-4d">
         <name>.text</name>
         <load_address>0x9f4</load_address>
         <run_address>0x9f4</run_address>
         <size>0x7a</size>
         <input_file_ref idref="fl-ce"/>
      </object_component>
      <object_component id="oc-a3">
         <name>.text</name>
         <load_address>0xa6e</load_address>
         <run_address>0xa6e</run_address>
         <size>0x2</size>
         <input_file_ref idref="fl-d6"/>
      </object_component>
      <object_component id="oc-65">
         <name>.text</name>
         <load_address>0xa70</load_address>
         <run_address>0xa70</run_address>
         <size>0x70</size>
         <input_file_ref idref="fl-d4"/>
      </object_component>
      <object_component id="oc-40">
         <name>.text</name>
         <load_address>0xae0</load_address>
         <run_address>0xae0</run_address>
         <size>0x6a</size>
         <input_file_ref idref="fl-ca"/>
      </object_component>
      <object_component id="oc-1c0">
         <name>.text:IntEnable</name>
         <load_address>0xb4c</load_address>
         <run_address>0xb4c</run_address>
         <size>0x68</size>
         <input_file_ref idref="fl-e"/>
      </object_component>
      <object_component id="oc-cd">
         <name>.text</name>
         <load_address>0xbb4</load_address>
         <run_address>0xbb4</run_address>
         <size>0x5c</size>
         <input_file_ref idref="fl-6"/>
      </object_component>
      <object_component id="oc-15f">
         <name>.text:GPIOIntTypeSet</name>
         <load_address>0xc10</load_address>
         <run_address>0xc10</run_address>
         <size>0x56</size>
         <input_file_ref idref="fl-d"/>
      </object_component>
      <object_component id="oc-ab">
         <name>.text</name>
         <load_address>0xc68</load_address>
         <run_address>0xc68</run_address>
         <size>0x54</size>
         <input_file_ref idref="fl-2"/>
      </object_component>
      <object_component id="oc-24">
         <name>.text</name>
         <load_address>0xcbc</load_address>
         <run_address>0xcbc</run_address>
         <size>0x54</size>
         <input_file_ref idref="fl-c8"/>
      </object_component>
      <object_component id="oc-71">
         <name>.text</name>
         <load_address>0xd10</load_address>
         <run_address>0xd10</run_address>
         <size>0x54</size>
         <input_file_ref idref="fl-cc"/>
      </object_component>
      <object_component id="oc-9d">
         <name>.text</name>
         <load_address>0xd64</load_address>
         <run_address>0xd64</run_address>
         <size>0x4c</size>
         <input_file_ref idref="fl-d5"/>
      </object_component>
      <object_component id="oc-1ba">
         <name>.text:_GPIOIntNumberGet</name>
         <load_address>0xdb0</load_address>
         <run_address>0xdb0</run_address>
         <size>0x44</size>
         <input_file_ref idref="fl-d"/>
      </object_component>
      <object_component id="oc-191">
         <name>.text:IntRegister</name>
         <load_address>0xdf4</load_address>
         <run_address>0xdf4</run_address>
         <size>0x34</size>
         <input_file_ref idref="fl-e"/>
      </object_component>
      <object_component id="oc-153">
         <name>.text:SysCtlPeripheralEnable</name>
         <load_address>0xe28</load_address>
         <run_address>0xe28</run_address>
         <size>0x34</size>
         <input_file_ref idref="fl-10"/>
      </object_component>
      <object_component id="oc-1ac">
         <name>.text:GPIODirModeSet</name>
         <load_address>0xe5c</load_address>
         <run_address>0xe5c</run_address>
         <size>0x2a</size>
         <input_file_ref idref="fl-d"/>
      </object_component>
      <object_component id="oc-16b">
         <name>.text:IntPrioritySet</name>
         <load_address>0xe88</load_address>
         <run_address>0xe88</run_address>
         <size>0x24</size>
         <input_file_ref idref="fl-e"/>
      </object_component>
      <object_component id="oc-128">
         <name>.text:PWMGenConfigure</name>
         <load_address>0xeac</load_address>
         <run_address>0xeac</run_address>
         <size>0x22</size>
         <input_file_ref idref="fl-f"/>
      </object_component>
      <object_component id="oc-10c">
         <name>.text:SysTickIntRegister</name>
         <load_address>0xed0</load_address>
         <run_address>0xed0</run_address>
         <size>0x1c</size>
         <input_file_ref idref="fl-11"/>
      </object_component>
      <object_component id="oc-165">
         <name>.text:GPIOIntRegister</name>
         <load_address>0xeec</load_address>
         <run_address>0xeec</run_address>
         <size>0x18</size>
         <input_file_ref idref="fl-d"/>
      </object_component>
      <object_component id="oc-6b">
         <name>.text</name>
         <load_address>0xf04</load_address>
         <run_address>0xf04</run_address>
         <size>0x18</size>
         <input_file_ref idref="fl-d3"/>
      </object_component>
      <object_component id="oc-118">
         <name>.text:SysTickEnable</name>
         <load_address>0xf1c</load_address>
         <run_address>0xf1c</run_address>
         <size>0x14</size>
         <input_file_ref idref="fl-11"/>
      </object_component>
      <object_component id="oc-112">
         <name>.text:SysTickIntEnable</name>
         <load_address>0xf30</load_address>
         <run_address>0xf30</run_address>
         <size>0x14</size>
         <input_file_ref idref="fl-11"/>
      </object_component>
      <object_component id="oc-f3">
         <name>.text</name>
         <load_address>0xf44</load_address>
         <run_address>0xf44</run_address>
         <size>0x14</size>
         <input_file_ref idref="fl-d2"/>
      </object_component>
      <object_component id="oc-159">
         <name>.text:GPIOPinTypeGPIOInput</name>
         <load_address>0xf58</load_address>
         <run_address>0xf58</run_address>
         <size>0x12</size>
         <input_file_ref idref="fl-d"/>
      </object_component>
      <object_component id="oc-df">
         <name>.text:IntMasterEnable</name>
         <load_address>0xf6a</load_address>
         <run_address>0xf6a</run_address>
         <size>0x10</size>
         <input_file_ref idref="fl-e"/>
      </object_component>
      <object_component id="oc-12e">
         <name>.text:PWMGenPeriodSet</name>
         <load_address>0xf7a</load_address>
         <run_address>0xf7a</run_address>
         <size>0x10</size>
         <input_file_ref idref="fl-f"/>
      </object_component>
      <object_component id="oc-106">
         <name>.text:SysTickPeriodSet</name>
         <load_address>0xf8c</load_address>
         <run_address>0xf8c</run_address>
         <size>0x10</size>
         <input_file_ref idref="fl-11"/>
      </object_component>
      <object_component id="oc-141">
         <name>.text:GPIOIntStatus</name>
         <load_address>0xf9c</load_address>
         <run_address>0xf9c</run_address>
         <size>0xe</size>
         <input_file_ref idref="fl-d"/>
      </object_component>
      <object_component id="oc-12">
         <name>.text:decompress:none</name>
         <load_address>0xfaa</load_address>
         <run_address>0xfaa</run_address>
         <size>0xe</size>
         <input_file_ref idref="fl-c9"/>
      </object_component>
      <object_component id="oc-183">
         <name>.text:CPUcpsie</name>
         <load_address>0xfb8</load_address>
         <run_address>0xfb8</run_address>
         <size>0xc</size>
         <input_file_ref idref="fl-12"/>
      </object_component>
      <object_component id="oc-171">
         <name>.text:GPIOIntEnable</name>
         <load_address>0xfc4</load_address>
         <run_address>0xfc4</run_address>
         <size>0xc</size>
         <input_file_ref idref="fl-d"/>
      </object_component>
      <object_component id="oc-2b">
         <name>.text</name>
         <load_address>0xfd0</load_address>
         <run_address>0xfd0</run_address>
         <size>0xc</size>
         <input_file_ref idref="fl-7"/>
      </object_component>
      <object_component id="oc-147">
         <name>.text:GPIOIntClear</name>
         <load_address>0xfdc</load_address>
         <run_address>0xfdc</run_address>
         <size>0x6</size>
         <input_file_ref idref="fl-d"/>
      </object_component>
      <object_component id="oc-14d">
         <name>.text:GPIOPinRead</name>
         <load_address>0xfe2</load_address>
         <run_address>0xfe2</run_address>
         <size>0x6</size>
         <input_file_ref idref="fl-d"/>
      </object_component>
      <object_component id="oc-e5">
         <name>.text:SysCtlDelay</name>
         <load_address>0xfe8</load_address>
         <run_address>0xfe8</run_address>
         <size>0x6</size>
         <input_file_ref idref="fl-10"/>
      </object_component>
      <object_component id="oc-18">
         <name>.text:decompress:rle24</name>
         <load_address>0xfee</load_address>
         <run_address>0xfee</run_address>
         <size>0x6</size>
         <input_file_ref idref="fl-ca"/>
      </object_component>
      <object_component id="oc-5f">
         <name>.text</name>
         <load_address>0xff4</load_address>
         <run_address>0xff4</run_address>
         <size>0x4</size>
         <input_file_ref idref="fl-d0"/>
      </object_component>
      <object_component id="oc-1eb">
         <name>.const:g_ppui32GPIOIntMapSnowflake</name>
         <load_address>0xff8</load_address>
         <run_address>0xff8</run_address>
         <size>0xd8</size>
         <input_file_ref idref="fl-d"/>
      </object_component>
      <object_component id="oc-1e8">
         <name>.const:g_ppui32GPIOIntMapBlizzard</name>
         <load_address>0x10d0</load_address>
         <run_address>0x10d0</run_address>
         <size>0xc0</size>
         <input_file_ref idref="fl-d"/>
      </object_component>
      <object_component id="oc-1c7">
         <name>.const:g_pui32Regs</name>
         <load_address>0x1190</load_address>
         <run_address>0x1190</run_address>
         <size>0x9c</size>
         <input_file_ref idref="fl-e"/>
      </object_component>
      <object_component id="oc-1ef">
         <name>.const</name>
         <load_address>0x122c</load_address>
         <run_address>0x122c</run_address>
         <size>0x70</size>
         <input_file_ref idref="fl-e"/>
      </object_component>
      <object_component id="oc-19c">
         <name>.const:g_pui32Xtals</name>
         <load_address>0x129c</load_address>
         <run_address>0x129c</run_address>
         <size>0x6c</size>
         <input_file_ref idref="fl-10"/>
      </object_component>
      <object_component id="oc-223">
         <name>.cinit..data.load</name>
         <load_address>0x1308</load_address>
         <run_address>0x1308</run_address>
         <size>0x16</size>
      </object_component>
      <object_component id="oc-222">
         <name>.cinit..vtable.load</name>
         <load_address>0x1320</load_address>
         <run_address>0x1320</run_address>
         <size>0xb</size>
      </object_component>
      <object_component id="oc-224">
         <name>.cinit..bss.load</name>
         <load_address>0x1330</load_address>
         <run_address>0x1330</run_address>
         <size>0x9</size>
      </object_component>
      <object_component id="oc-220">
         <name>__TI_handler_table</name>
         <load_address>0x133c</load_address>
         <run_address>0x133c</run_address>
         <size>0x8</size>
      </object_component>
      <object_component id="oc-221">
         <name>__TI_cinit_table</name>
         <load_address>0x1344</load_address>
         <run_address>0x1344</run_address>
         <size>0x18</size>
      </object_component>
      <object_component id="oc-1d5">
         <name>.vtable</name>
         <uninitialized>true</uninitialized>
         <run_address>0x20000000</run_address>
         <size>0x26c</size>
         <input_file_ref idref="fl-e"/>
      </object_component>
      <object_component id="oc-177">
         <name>.data</name>
         <load_address>0x2000046c</load_address>
         <run_address>0x2000046c</run_address>
         <size>0x18</size>
         <input_file_ref idref="fl-5"/>
      </object_component>
      <object_component id="oc-b3">
         <name>.data:$O1$$</name>
         <load_address>0x20000484</load_address>
         <run_address>0x20000484</run_address>
         <size>0xc</size>
         <input_file_ref idref="fl-cc"/>
      </object_component>
      <object_component id="oc-77">
         <name>.data</name>
         <load_address>0x20000498</load_address>
         <run_address>0x20000498</run_address>
         <size>0x4</size>
         <input_file_ref idref="fl-d1"/>
      </object_component>
      <object_component id="oc-b6">
         <name>.data:$O1$$</name>
         <load_address>0x20000490</load_address>
         <run_address>0x20000490</run_address>
         <size>0x8</size>
         <input_file_ref idref="fl-d2"/>
      </object_component>
      <object_component id="oc-17a">
         <name>.bss:rxChannel</name>
         <uninitialized>true</uninitialized>
         <run_address>0x2000049c</run_address>
         <size>0xc</size>
         <input_file_ref idref="fl-5"/>
      </object_component>
      <object_component id="oc-e6">
         <name>.common:Throttle</name>
         <uninitialized>true</uninitialized>
         <run_address>0x200004a8</run_address>
         <size>0x4</size>
      </object_component>
      <object_component id="oc-11e">
         <name>.common:microsec</name>
         <uninitialized>true</uninitialized>
         <run_address>0x200004ac</run_address>
         <size>0x4</size>
      </object_component>
      <object_component id="oc-2a">
         <name>.stack</name>
         <uninitialized>true</uninitialized>
         <run_address>0x2000026c</run_address>
         <size>0x0</size>
         <input_file_ref idref="fl-c8"/>
      </object_component>
      <object_component id="oc-225">
         <name>.stack</name>
         <uninitialized>true</uninitialized>
         <run_address>0x2000026c</run_address>
         <size>0x0</size>
      </object_component>
      <object_component id="oc-e7">
         <name>.debug_info</name>
         <load_address>0x0</load_address>
         <run_address>0x0</run_address>
         <size>0x1eb</size>
         <input_file_ref idref="fl-2"/>
      </object_component>
      <object_component id="oc-ac">
         <name>.debug_info</name>
         <load_address>0x1eb</load_address>
         <run_address>0x1eb</run_address>
         <size>0x19f</size>
         <input_file_ref idref="fl-2"/>
      </object_component>
      <object_component id="oc-17e">
         <name>.debug_info</name>
         <load_address>0x38a</load_address>
         <run_address>0x38a</run_address>
         <size>0x75</size>
         <input_file_ref idref="fl-2"/>
      </object_component>
      <object_component id="oc-8b">
         <name>.debug_info</name>
         <load_address>0x3ff</load_address>
         <run_address>0x3ff</run_address>
         <size>0x84</size>
         <input_file_ref idref="fl-2"/>
      </object_component>
      <object_component id="oc-7e">
         <name>.debug_info</name>
         <load_address>0x483</load_address>
         <run_address>0x483</run_address>
         <size>0x18b</size>
         <input_file_ref idref="fl-2"/>
      </object_component>
      <object_component id="oc-135">
         <name>.debug_info</name>
         <load_address>0x60e</load_address>
         <run_address>0x60e</run_address>
         <size>0x29e</size>
         <input_file_ref idref="fl-3"/>
      </object_component>
      <object_component id="oc-13b">
         <name>.debug_info</name>
         <load_address>0x8ac</load_address>
         <run_address>0x8ac</run_address>
         <size>0x19f</size>
         <input_file_ref idref="fl-4"/>
      </object_component>
      <object_component id="oc-d6">
         <name>.debug_info</name>
         <load_address>0xa4b</load_address>
         <run_address>0xa4b</run_address>
         <size>0x25d</size>
         <input_file_ref idref="fl-4"/>
      </object_component>
      <object_component id="oc-13c">
         <name>.debug_info</name>
         <load_address>0xca8</load_address>
         <run_address>0xca8</run_address>
         <size>0x8b</size>
         <input_file_ref idref="fl-4"/>
      </object_component>
      <object_component id="oc-1d1">
         <name>.debug_info</name>
         <load_address>0xd33</load_address>
         <run_address>0xd33</run_address>
         <size>0x379</size>
         <input_file_ref idref="fl-5"/>
      </object_component>
      <object_component id="oc-17b">
         <name>.debug_info</name>
         <load_address>0x10ac</load_address>
         <run_address>0x10ac</run_address>
         <size>0xe7</size>
         <input_file_ref idref="fl-5"/>
      </object_component>
      <object_component id="oc-178">
         <name>.debug_info</name>
         <load_address>0x1193</load_address>
         <run_address>0x1193</run_address>
         <size>0x1af</size>
         <input_file_ref idref="fl-5"/>
      </object_component>
      <object_component id="oc-da">
         <name>.debug_info</name>
         <load_address>0x1342</load_address>
         <run_address>0x1342</run_address>
         <size>0x594</size>
         <input_file_ref idref="fl-5"/>
      </object_component>
      <object_component id="oc-11f">
         <name>.debug_info</name>
         <load_address>0x18d6</load_address>
         <run_address>0x18d6</run_address>
         <size>0x1a7</size>
         <input_file_ref idref="fl-6"/>
      </object_component>
      <object_component id="oc-ce">
         <name>.debug_info</name>
         <load_address>0x1a7d</load_address>
         <run_address>0x1a7d</run_address>
         <size>0x2b7</size>
         <input_file_ref idref="fl-6"/>
      </object_component>
      <object_component id="oc-33">
         <name>.debug_info</name>
         <load_address>0x1d34</load_address>
         <run_address>0x1d34</run_address>
         <size>0x119</size>
         <input_file_ref idref="fl-7"/>
      </object_component>
      <object_component id="oc-10">
         <name>.debug_info</name>
         <load_address>0x1e4d</load_address>
         <run_address>0x1e4d</run_address>
         <size>0x104</size>
         <input_file_ref idref="fl-7"/>
      </object_component>
      <object_component id="oc-2d">
         <name>.debug_info</name>
         <load_address>0x1f51</load_address>
         <run_address>0x1f51</run_address>
         <size>0x280</size>
         <input_file_ref idref="fl-7"/>
      </object_component>
      <object_component id="oc-1a7">
         <name>.debug_info</name>
         <load_address>0x21d1</load_address>
         <run_address>0x21d1</run_address>
         <size>0x240</size>
         <input_file_ref idref="fl-d"/>
      </object_component>
      <object_component id="oc-1e9">
         <name>.debug_info</name>
         <load_address>0x2411</load_address>
         <run_address>0x2411</run_address>
         <size>0x167</size>
         <input_file_ref idref="fl-d"/>
      </object_component>
      <object_component id="oc-1ec">
         <name>.debug_info</name>
         <load_address>0x2578</load_address>
         <run_address>0x2578</run_address>
         <size>0x169</size>
         <input_file_ref idref="fl-d"/>
      </object_component>
      <object_component id="oc-1ae">
         <name>.debug_info</name>
         <load_address>0x26e1</load_address>
         <run_address>0x26e1</run_address>
         <size>0x2b3</size>
         <input_file_ref idref="fl-d"/>
      </object_component>
      <object_component id="oc-1b4">
         <name>.debug_info</name>
         <load_address>0x2994</load_address>
         <run_address>0x2994</run_address>
         <size>0x316</size>
         <input_file_ref idref="fl-d"/>
      </object_component>
      <object_component id="oc-15b">
         <name>.debug_info</name>
         <load_address>0x2caa</load_address>
         <run_address>0x2caa</run_address>
         <size>0x285</size>
         <input_file_ref idref="fl-d"/>
      </object_component>
      <object_component id="oc-14f">
         <name>.debug_info</name>
         <load_address>0x2f2f</load_address>
         <run_address>0x2f2f</run_address>
         <size>0x27b</size>
         <input_file_ref idref="fl-d"/>
      </object_component>
      <object_component id="oc-1bb">
         <name>.debug_info</name>
         <load_address>0x31aa</load_address>
         <run_address>0x31aa</run_address>
         <size>0x298</size>
         <input_file_ref idref="fl-d"/>
      </object_component>
      <object_component id="oc-160">
         <name>.debug_info</name>
         <load_address>0x3442</load_address>
         <run_address>0x3442</run_address>
         <size>0x2bb</size>
         <input_file_ref idref="fl-d"/>
      </object_component>
      <object_component id="oc-142">
         <name>.debug_info</name>
         <load_address>0x36fd</load_address>
         <run_address>0x36fd</run_address>
         <size>0x27f</size>
         <input_file_ref idref="fl-d"/>
      </object_component>
      <object_component id="oc-166">
         <name>.debug_info</name>
         <load_address>0x397c</load_address>
         <run_address>0x397c</run_address>
         <size>0x2cf</size>
         <input_file_ref idref="fl-d"/>
      </object_component>
      <object_component id="oc-172">
         <name>.debug_info</name>
         <load_address>0x3c4b</load_address>
         <run_address>0x3c4b</run_address>
         <size>0x28f</size>
         <input_file_ref idref="fl-d"/>
      </object_component>
      <object_component id="oc-148">
         <name>.debug_info</name>
         <load_address>0x3eda</load_address>
         <run_address>0x3eda</run_address>
         <size>0x28d</size>
         <input_file_ref idref="fl-d"/>
      </object_component>
      <object_component id="oc-1cb">
         <name>.debug_info</name>
         <load_address>0x4167</load_address>
         <run_address>0x4167</run_address>
         <size>0x20e</size>
         <input_file_ref idref="fl-e"/>
      </object_component>
      <object_component id="oc-1f0">
         <name>.debug_info</name>
         <load_address>0x4375</load_address>
         <run_address>0x4375</run_address>
         <size>0x210</size>
         <input_file_ref idref="fl-e"/>
      </object_component>
      <object_component id="oc-1c8">
         <name>.debug_info</name>
         <load_address>0x4585</load_address>
         <run_address>0x4585</run_address>
         <size>0x14e</size>
         <input_file_ref idref="fl-e"/>
      </object_component>
      <object_component id="oc-1d6">
         <name>.debug_info</name>
         <load_address>0x46d3</load_address>
         <run_address>0x46d3</run_address>
         <size>0x157</size>
         <input_file_ref idref="fl-e"/>
      </object_component>
      <object_component id="oc-192">
         <name>.debug_info</name>
         <load_address>0x482a</load_address>
         <run_address>0x482a</run_address>
         <size>0x2c1</size>
         <input_file_ref idref="fl-e"/>
      </object_component>
      <object_component id="oc-16c">
         <name>.debug_info</name>
         <load_address>0x4aeb</load_address>
         <run_address>0x4aeb</run_address>
         <size>0x2c9</size>
         <input_file_ref idref="fl-e"/>
      </object_component>
      <object_component id="oc-e0">
         <name>.debug_info</name>
         <load_address>0x4db4</load_address>
         <run_address>0x4db4</run_address>
         <size>0x23e</size>
         <input_file_ref idref="fl-e"/>
      </object_component>
      <object_component id="oc-1c1">
         <name>.debug_info</name>
         <load_address>0x4ff2</load_address>
         <run_address>0x4ff2</run_address>
         <size>0x268</size>
         <input_file_ref idref="fl-e"/>
      </object_component>
      <object_component id="oc-1a1">
         <name>.debug_info</name>
         <load_address>0x525a</load_address>
         <run_address>0x525a</run_address>
         <size>0x1ed</size>
         <input_file_ref idref="fl-f"/>
      </object_component>
      <object_component id="oc-130">
         <name>.debug_info</name>
         <load_address>0x5447</load_address>
         <run_address>0x5447</run_address>
         <size>0x2b6</size>
         <input_file_ref idref="fl-f"/>
      </object_component>
      <object_component id="oc-12a">
         <name>.debug_info</name>
         <load_address>0x56fd</load_address>
         <run_address>0x56fd</run_address>
         <size>0x2b3</size>
         <input_file_ref idref="fl-f"/>
      </object_component>
      <object_component id="oc-1ab">
         <name>.debug_info</name>
         <load_address>0x59b0</load_address>
         <run_address>0x59b0</run_address>
         <size>0x298</size>
         <input_file_ref idref="fl-10"/>
      </object_component>
      <object_component id="oc-19d">
         <name>.debug_info</name>
         <load_address>0x5c48</load_address>
         <run_address>0x5c48</run_address>
         <size>0x14d</size>
         <input_file_ref idref="fl-10"/>
      </object_component>
      <object_component id="oc-155">
         <name>.debug_info</name>
         <load_address>0x5d95</load_address>
         <run_address>0x5d95</run_address>
         <size>0x27d</size>
         <input_file_ref idref="fl-10"/>
      </object_component>
      <object_component id="oc-125">
         <name>.debug_info</name>
         <load_address>0x6012</load_address>
         <run_address>0x6012</run_address>
         <size>0x2b5</size>
         <input_file_ref idref="fl-10"/>
      </object_component>
      <object_component id="oc-1e1">
         <name>.debug_info</name>
         <load_address>0x62c7</load_address>
         <run_address>0x62c7</run_address>
         <size>0x5f</size>
         <input_file_ref idref="fl-10"/>
      </object_component>
      <object_component id="oc-190">
         <name>.debug_info</name>
         <load_address>0x6326</load_address>
         <run_address>0x6326</run_address>
         <size>0x19d</size>
         <input_file_ref idref="fl-11"/>
      </object_component>
      <object_component id="oc-107">
         <name>.debug_info</name>
         <load_address>0x64c3</load_address>
         <run_address>0x64c3</run_address>
         <size>0x261</size>
         <input_file_ref idref="fl-11"/>
      </object_component>
      <object_component id="oc-10d">
         <name>.debug_info</name>
         <load_address>0x6724</load_address>
         <run_address>0x6724</run_address>
         <size>0x277</size>
         <input_file_ref idref="fl-11"/>
      </object_component>
      <object_component id="oc-113">
         <name>.debug_info</name>
         <load_address>0x699b</load_address>
         <run_address>0x699b</run_address>
         <size>0x227</size>
         <input_file_ref idref="fl-11"/>
      </object_component>
      <object_component id="oc-119">
         <name>.debug_info</name>
         <load_address>0x6bc2</load_address>
         <run_address>0x6bc2</run_address>
         <size>0x221</size>
         <input_file_ref idref="fl-11"/>
      </object_component>
      <object_component id="oc-185">
         <name>.debug_info</name>
         <load_address>0x6de3</load_address>
         <run_address>0x6de3</run_address>
         <size>0x212</size>
         <input_file_ref idref="fl-12"/>
      </object_component>
      <object_component id="oc-25">
         <name>.debug_info</name>
         <load_address>0x6ff5</load_address>
         <run_address>0x6ff5</run_address>
         <size>0x161</size>
         <input_file_ref idref="fl-c8"/>
      </object_component>
      <object_component id="oc-3f">
         <name>.debug_info</name>
         <load_address>0x7156</load_address>
         <run_address>0x7156</run_address>
         <size>0x141</size>
         <input_file_ref idref="fl-c9"/>
      </object_component>
      <object_component id="oc-13">
         <name>.debug_info</name>
         <load_address>0x7297</load_address>
         <run_address>0x7297</run_address>
         <size>0x1e0</size>
         <input_file_ref idref="fl-c9"/>
      </object_component>
      <object_component id="oc-3a">
         <name>.debug_info</name>
         <load_address>0x7477</load_address>
         <run_address>0x7477</run_address>
         <size>0x46</size>
         <input_file_ref idref="fl-c9"/>
      </object_component>
      <object_component id="oc-84">
         <name>.debug_info</name>
         <load_address>0x74bd</load_address>
         <run_address>0x74bd</run_address>
         <size>0x2c</size>
         <input_file_ref idref="fl-c9"/>
      </object_component>
      <object_component id="oc-47">
         <name>.debug_info</name>
         <load_address>0x74e9</load_address>
         <run_address>0x74e9</run_address>
         <size>0x135</size>
         <input_file_ref idref="fl-ca"/>
      </object_component>
      <object_component id="oc-41">
         <name>.debug_info</name>
         <load_address>0x761e</load_address>
         <run_address>0x761e</run_address>
         <size>0x248</size>
         <input_file_ref idref="fl-ca"/>
      </object_component>
      <object_component id="oc-19">
         <name>.debug_info</name>
         <load_address>0x7866</load_address>
         <run_address>0x7866</run_address>
         <size>0x1b2</size>
         <input_file_ref idref="fl-ca"/>
      </object_component>
      <object_component id="oc-48">
         <name>.debug_info</name>
         <load_address>0x7a18</load_address>
         <run_address>0x7a18</run_address>
         <size>0x39</size>
         <input_file_ref idref="fl-ca"/>
      </object_component>
      <object_component id="oc-93">
         <name>.debug_info</name>
         <load_address>0x7a51</load_address>
         <run_address>0x7a51</run_address>
         <size>0x2c</size>
         <input_file_ref idref="fl-ca"/>
      </object_component>
      <object_component id="oc-ba">
         <name>.debug_info</name>
         <load_address>0x7a7d</load_address>
         <run_address>0x7a7d</run_address>
         <size>0x235</size>
         <input_file_ref idref="fl-cc"/>
      </object_component>
      <object_component id="oc-b4">
         <name>.debug_info</name>
         <load_address>0x7cb2</load_address>
         <run_address>0x7cb2</run_address>
         <size>0x186</size>
         <input_file_ref idref="fl-cc"/>
      </object_component>
      <object_component id="oc-72">
         <name>.debug_info</name>
         <load_address>0x7e38</load_address>
         <run_address>0x7e38</run_address>
         <size>0x215</size>
         <input_file_ref idref="fl-cc"/>
      </object_component>
      <object_component id="oc-36">
         <name>.debug_info</name>
         <load_address>0x804d</load_address>
         <run_address>0x804d</run_address>
         <size>0x112</size>
         <input_file_ref idref="fl-cd"/>
      </object_component>
      <object_component id="oc-4e">
         <name>.debug_info</name>
         <load_address>0x815f</load_address>
         <run_address>0x815f</run_address>
         <size>0x140</size>
         <input_file_ref idref="fl-ce"/>
      </object_component>
      <object_component id="oc-5d">
         <name>.debug_info</name>
         <load_address>0x829f</load_address>
         <run_address>0x829f</run_address>
         <size>0x139</size>
         <input_file_ref idref="fl-cf"/>
      </object_component>
      <object_component id="oc-62">
         <name>.debug_info</name>
         <load_address>0x83d8</load_address>
         <run_address>0x83d8</run_address>
         <size>0x149</size>
         <input_file_ref idref="fl-d0"/>
      </object_component>
      <object_component id="oc-78">
         <name>.debug_info</name>
         <load_address>0x8521</load_address>
         <run_address>0x8521</run_address>
         <size>0x10a</size>
         <input_file_ref idref="fl-d1"/>
      </object_component>
      <object_component id="oc-fb">
         <name>.debug_info</name>
         <load_address>0x862b</load_address>
         <run_address>0x862b</run_address>
         <size>0x125</size>
         <input_file_ref idref="fl-d2"/>
      </object_component>
      <object_component id="oc-b7">
         <name>.debug_info</name>
         <load_address>0x8750</load_address>
         <run_address>0x8750</run_address>
         <size>0x114</size>
         <input_file_ref idref="fl-d2"/>
      </object_component>
      <object_component id="oc-f5">
         <name>.debug_info</name>
         <load_address>0x8864</load_address>
         <run_address>0x8864</run_address>
         <size>0x220</size>
         <input_file_ref idref="fl-d2"/>
      </object_component>
      <object_component id="oc-b2">
         <name>.debug_info</name>
         <load_address>0x8a84</load_address>
         <run_address>0x8a84</run_address>
         <size>0x167</size>
         <input_file_ref idref="fl-d3"/>
      </object_component>
      <object_component id="oc-6e">
         <name>.debug_info</name>
         <load_address>0x8beb</load_address>
         <run_address>0x8beb</run_address>
         <size>0x168</size>
         <input_file_ref idref="fl-d3"/>
      </object_component>
      <object_component id="oc-ec">
         <name>.debug_info</name>
         <load_address>0x8d53</load_address>
         <run_address>0x8d53</run_address>
         <size>0x5e</size>
         <input_file_ref idref="fl-d3"/>
      </object_component>
      <object_component id="oc-aa">
         <name>.debug_info</name>
         <load_address>0x8db1</load_address>
         <run_address>0x8db1</run_address>
         <size>0x2ea</size>
         <input_file_ref idref="fl-d4"/>
      </object_component>
      <object_component id="oc-67">
         <name>.debug_info</name>
         <load_address>0x909b</load_address>
         <run_address>0x909b</run_address>
         <size>0x191</size>
         <input_file_ref idref="fl-d4"/>
      </object_component>
      <object_component id="oc-c3">
         <name>.debug_info</name>
         <load_address>0x922c</load_address>
         <run_address>0x922c</run_address>
         <size>0x39</size>
         <input_file_ref idref="fl-d4"/>
      </object_component>
      <object_component id="oc-c8">
         <name>.debug_info</name>
         <load_address>0x9265</load_address>
         <run_address>0x9265</run_address>
         <size>0xcd</size>
         <input_file_ref idref="fl-d4"/>
      </object_component>
      <object_component id="oc-bf">
         <name>.debug_info</name>
         <load_address>0x9332</load_address>
         <run_address>0x9332</run_address>
         <size>0x1e1</size>
         <input_file_ref idref="fl-d5"/>
      </object_component>
      <object_component id="oc-9e">
         <name>.debug_info</name>
         <load_address>0x9513</load_address>
         <run_address>0x9513</run_address>
         <size>0x184</size>
         <input_file_ref idref="fl-d5"/>
      </object_component>
      <object_component id="oc-101">
         <name>.debug_info</name>
         <load_address>0x9697</load_address>
         <run_address>0x9697</run_address>
         <size>0x2c</size>
         <input_file_ref idref="fl-d5"/>
      </object_component>
      <object_component id="oc-a7">
         <name>.debug_info</name>
         <load_address>0x96c3</load_address>
         <run_address>0x96c3</run_address>
         <size>0x146</size>
         <input_file_ref idref="fl-d6"/>
      </object_component>
      <object_component id="oc-226">
         <name>.debug_info</name>
         <load_address>0x9809</load_address>
         <run_address>0x9809</run_address>
         <size>0xba</size>
      </object_component>
      <object_component id="oc-18b">
         <name>.debug_line</name>
         <load_address>0x0</load_address>
         <run_address>0x0</run_address>
         <size>0x89</size>
         <input_file_ref idref="fl-2"/>
      </object_component>
      <object_component id="oc-af">
         <name>.debug_line</name>
         <load_address>0x89</load_address>
         <run_address>0x89</run_address>
         <size>0x51</size>
         <input_file_ref idref="fl-2"/>
      </object_component>
      <object_component id="oc-181">
         <name>.debug_line</name>
         <load_address>0xda</load_address>
         <run_address>0xda</run_address>
         <size>0x2b</size>
         <input_file_ref idref="fl-2"/>
      </object_component>
      <object_component id="oc-8e">
         <name>.debug_line</name>
         <load_address>0x105</load_address>
         <run_address>0x105</run_address>
         <size>0x20</size>
         <input_file_ref idref="fl-2"/>
      </object_component>
      <object_component id="oc-81">
         <name>.debug_line</name>
         <load_address>0x125</load_address>
         <run_address>0x125</run_address>
         <size>0x5f</size>
         <input_file_ref idref="fl-2"/>
      </object_component>
      <object_component id="oc-138">
         <name>.debug_line</name>
         <load_address>0x184</load_address>
         <run_address>0x184</run_address>
         <size>0x6c</size>
         <input_file_ref idref="fl-3"/>
      </object_component>
      <object_component id="oc-1a5">
         <name>.debug_line</name>
         <load_address>0x1f0</load_address>
         <run_address>0x1f0</run_address>
         <size>0x99</size>
         <input_file_ref idref="fl-4"/>
      </object_component>
      <object_component id="oc-d8">
         <name>.debug_line</name>
         <load_address>0x289</load_address>
         <run_address>0x289</run_address>
         <size>0x6a</size>
         <input_file_ref idref="fl-4"/>
      </object_component>
      <object_component id="oc-13f">
         <name>.debug_line</name>
         <load_address>0x2f3</load_address>
         <run_address>0x2f3</run_address>
         <size>0x20</size>
         <input_file_ref idref="fl-4"/>
      </object_component>
      <object_component id="oc-1f8">
         <name>.debug_line</name>
         <load_address>0x313</load_address>
         <run_address>0x313</run_address>
         <size>0xee</size>
         <input_file_ref idref="fl-5"/>
      </object_component>
      <object_component id="oc-1d0">
         <name>.debug_line</name>
         <load_address>0x401</load_address>
         <run_address>0x401</run_address>
         <size>0x2b</size>
         <input_file_ref idref="fl-5"/>
      </object_component>
      <object_component id="oc-1ce">
         <name>.debug_line</name>
         <load_address>0x42c</load_address>
         <run_address>0x42c</run_address>
         <size>0x2b</size>
         <input_file_ref idref="fl-5"/>
      </object_component>
      <object_component id="oc-dd">
         <name>.debug_line</name>
         <load_address>0x457</load_address>
         <run_address>0x457</run_address>
         <size>0x128</size>
         <input_file_ref idref="fl-5"/>
      </object_component>
      <object_component id="oc-19b">
         <name>.debug_line</name>
         <load_address>0x57f</load_address>
         <run_address>0x57f</run_address>
         <size>0x66</size>
         <input_file_ref idref="fl-6"/>
      </object_component>
      <object_component id="oc-d1">
         <name>.debug_line</name>
         <load_address>0x5e5</load_address>
         <run_address>0x5e5</run_address>
         <size>0xaf</size>
         <input_file_ref idref="fl-6"/>
      </object_component>
      <object_component id="oc-7d">
         <name>.debug_line</name>
         <load_address>0x694</load_address>
         <run_address>0x694</run_address>
         <size>0x41</size>
         <input_file_ref idref="fl-7"/>
      </object_component>
      <object_component id="oc-32">
         <name>.debug_line</name>
         <load_address>0x6d5</load_address>
         <run_address>0x6d5</run_address>
         <size>0x41</size>
         <input_file_ref idref="fl-7"/>
      </object_component>
      <object_component id="oc-2c">
         <name>.debug_line</name>
         <load_address>0x716</load_address>
         <run_address>0x716</run_address>
         <size>0xa1</size>
         <input_file_ref idref="fl-7"/>
      </object_component>
      <object_component id="oc-1de">
         <name>.debug_line</name>
         <load_address>0x7b7</load_address>
         <run_address>0x7b7</run_address>
         <size>0x82</size>
         <input_file_ref idref="fl-d"/>
      </object_component>
      <object_component id="oc-1fc">
         <name>.debug_line</name>
         <load_address>0x839</load_address>
         <run_address>0x839</run_address>
         <size>0x7d</size>
         <input_file_ref idref="fl-d"/>
      </object_component>
      <object_component id="oc-1fe">
         <name>.debug_line</name>
         <load_address>0x8b6</load_address>
         <run_address>0x8b6</run_address>
         <size>0x7d</size>
         <input_file_ref idref="fl-d"/>
      </object_component>
      <object_component id="oc-1ad">
         <name>.debug_line</name>
         <load_address>0x933</load_address>
         <run_address>0x933</run_address>
         <size>0x95</size>
         <input_file_ref idref="fl-d"/>
      </object_component>
      <object_component id="oc-1b3">
         <name>.debug_line</name>
         <load_address>0x9c8</load_address>
         <run_address>0x9c8</run_address>
         <size>0xd1</size>
         <input_file_ref idref="fl-d"/>
      </object_component>
      <object_component id="oc-15a">
         <name>.debug_line</name>
         <load_address>0xa99</load_address>
         <run_address>0xa99</run_address>
         <size>0x93</size>
         <input_file_ref idref="fl-d"/>
      </object_component>
      <object_component id="oc-14e">
         <name>.debug_line</name>
         <load_address>0xb2c</load_address>
         <run_address>0xb2c</run_address>
         <size>0x92</size>
         <input_file_ref idref="fl-d"/>
      </object_component>
      <object_component id="oc-1be">
         <name>.debug_line</name>
         <load_address>0xbbe</load_address>
         <run_address>0xbbe</run_address>
         <size>0xa6</size>
         <input_file_ref idref="fl-d"/>
      </object_component>
      <object_component id="oc-163">
         <name>.debug_line</name>
         <load_address>0xc64</load_address>
         <run_address>0xc64</run_address>
         <size>0x99</size>
         <input_file_ref idref="fl-d"/>
      </object_component>
      <object_component id="oc-145">
         <name>.debug_line</name>
         <load_address>0xcfd</load_address>
         <run_address>0xcfd</run_address>
         <size>0x92</size>
         <input_file_ref idref="fl-d"/>
      </object_component>
      <object_component id="oc-169">
         <name>.debug_line</name>
         <load_address>0xd8f</load_address>
         <run_address>0xd8f</run_address>
         <size>0x99</size>
         <input_file_ref idref="fl-d"/>
      </object_component>
      <object_component id="oc-175">
         <name>.debug_line</name>
         <load_address>0xe28</load_address>
         <run_address>0xe28</run_address>
         <size>0x92</size>
         <input_file_ref idref="fl-d"/>
      </object_component>
      <object_component id="oc-14c">
         <name>.debug_line</name>
         <load_address>0xeba</load_address>
         <run_address>0xeba</run_address>
         <size>0x92</size>
         <input_file_ref idref="fl-d"/>
      </object_component>
      <object_component id="oc-1f6">
         <name>.debug_line</name>
         <load_address>0xf4c</load_address>
         <run_address>0xf4c</run_address>
         <size>0x7c</size>
         <input_file_ref idref="fl-e"/>
      </object_component>
      <object_component id="oc-200">
         <name>.debug_line</name>
         <load_address>0xfc8</load_address>
         <run_address>0xfc8</run_address>
         <size>0x82</size>
         <input_file_ref idref="fl-e"/>
      </object_component>
      <object_component id="oc-1f4">
         <name>.debug_line</name>
         <load_address>0x104a</load_address>
         <run_address>0x104a</run_address>
         <size>0x82</size>
         <input_file_ref idref="fl-e"/>
      </object_component>
      <object_component id="oc-1fa">
         <name>.debug_line</name>
         <load_address>0x10cc</load_address>
         <run_address>0x10cc</run_address>
         <size>0x82</size>
         <input_file_ref idref="fl-e"/>
      </object_component>
      <object_component id="oc-195">
         <name>.debug_line</name>
         <load_address>0x114e</load_address>
         <run_address>0x114e</run_address>
         <size>0xaf</size>
         <input_file_ref idref="fl-e"/>
      </object_component>
      <object_component id="oc-16f">
         <name>.debug_line</name>
         <load_address>0x11fd</load_address>
         <run_address>0x11fd</run_address>
         <size>0x99</size>
         <input_file_ref idref="fl-e"/>
      </object_component>
      <object_component id="oc-e3">
         <name>.debug_line</name>
         <load_address>0x1296</load_address>
         <run_address>0x1296</run_address>
         <size>0x97</size>
         <input_file_ref idref="fl-e"/>
      </object_component>
      <object_component id="oc-1c4">
         <name>.debug_line</name>
         <load_address>0x132d</load_address>
         <run_address>0x132d</run_address>
         <size>0xc2</size>
         <input_file_ref idref="fl-e"/>
      </object_component>
      <object_component id="oc-1dc">
         <name>.debug_line</name>
         <load_address>0x13ef</load_address>
         <run_address>0x13ef</run_address>
         <size>0x82</size>
         <input_file_ref idref="fl-f"/>
      </object_component>
      <object_component id="oc-133">
         <name>.debug_line</name>
         <load_address>0x1471</load_address>
         <run_address>0x1471</run_address>
         <size>0x96</size>
         <input_file_ref idref="fl-f"/>
      </object_component>
      <object_component id="oc-12d">
         <name>.debug_line</name>
         <load_address>0x1507</load_address>
         <run_address>0x1507</run_address>
         <size>0x9b</size>
         <input_file_ref idref="fl-f"/>
      </object_component>
      <object_component id="oc-1e0">
         <name>.debug_line</name>
         <load_address>0x15a2</load_address>
         <run_address>0x15a2</run_address>
         <size>0x13d</size>
         <input_file_ref idref="fl-10"/>
      </object_component>
      <object_component id="oc-1da">
         <name>.debug_line</name>
         <load_address>0x16df</load_address>
         <run_address>0x16df</run_address>
         <size>0x7f</size>
         <input_file_ref idref="fl-10"/>
      </object_component>
      <object_component id="oc-157">
         <name>.debug_line</name>
         <load_address>0x175e</load_address>
         <run_address>0x175e</run_address>
         <size>0x94</size>
         <input_file_ref idref="fl-10"/>
      </object_component>
      <object_component id="oc-127">
         <name>.debug_line</name>
         <load_address>0x17f2</load_address>
         <run_address>0x17f2</run_address>
         <size>0x11a</size>
         <input_file_ref idref="fl-10"/>
      </object_component>
      <object_component id="oc-1e4">
         <name>.debug_line</name>
         <load_address>0x190c</load_address>
         <run_address>0x190c</run_address>
         <size>0x7f</size>
         <input_file_ref idref="fl-10"/>
      </object_component>
      <object_component id="oc-1d4">
         <name>.debug_line</name>
         <load_address>0x198b</load_address>
         <run_address>0x198b</run_address>
         <size>0x82</size>
         <input_file_ref idref="fl-11"/>
      </object_component>
      <object_component id="oc-10a">
         <name>.debug_line</name>
         <load_address>0x1a0d</load_address>
         <run_address>0x1a0d</run_address>
         <size>0x95</size>
         <input_file_ref idref="fl-11"/>
      </object_component>
      <object_component id="oc-110">
         <name>.debug_line</name>
         <load_address>0x1aa2</load_address>
         <run_address>0x1aa2</run_address>
         <size>0x96</size>
         <input_file_ref idref="fl-11"/>
      </object_component>
      <object_component id="oc-117">
         <name>.debug_line</name>
         <load_address>0x1b38</load_address>
         <run_address>0x1b38</run_address>
         <size>0x95</size>
         <input_file_ref idref="fl-11"/>
      </object_component>
      <object_component id="oc-11d">
         <name>.debug_line</name>
         <load_address>0x1bcd</load_address>
         <run_address>0x1bcd</run_address>
         <size>0x92</size>
         <input_file_ref idref="fl-11"/>
      </object_component>
      <object_component id="oc-184">
         <name>.debug_line</name>
         <load_address>0x1c5f</load_address>
         <run_address>0x1c5f</run_address>
         <size>0x91</size>
         <input_file_ref idref="fl-12"/>
      </object_component>
      <object_component id="oc-28">
         <name>.debug_line</name>
         <load_address>0x1cf0</load_address>
         <run_address>0x1cf0</run_address>
         <size>0x53</size>
         <input_file_ref idref="fl-c8"/>
      </object_component>
      <object_component id="oc-8a">
         <name>.debug_line</name>
         <load_address>0x1d43</load_address>
         <run_address>0x1d43</run_address>
         <size>0x8a</size>
         <input_file_ref idref="fl-c9"/>
      </object_component>
      <object_component id="oc-17">
         <name>.debug_line</name>
         <load_address>0x1dcd</load_address>
         <run_address>0x1dcd</run_address>
         <size>0x55</size>
         <input_file_ref idref="fl-c9"/>
      </object_component>
      <object_component id="oc-3d">
         <name>.debug_line</name>
         <load_address>0x1e22</load_address>
         <run_address>0x1e22</run_address>
         <size>0x3a</size>
         <input_file_ref idref="fl-c9"/>
      </object_component>
      <object_component id="oc-87">
         <name>.debug_line</name>
         <load_address>0x1e5c</load_address>
         <run_address>0x1e5c</run_address>
         <size>0x8a</size>
         <input_file_ref idref="fl-c9"/>
      </object_component>
      <object_component id="oc-92">
         <name>.debug_line</name>
         <load_address>0x1ee6</load_address>
         <run_address>0x1ee6</run_address>
         <size>0x8a</size>
         <input_file_ref idref="fl-ca"/>
      </object_component>
      <object_component id="oc-45">
         <name>.debug_line</name>
         <load_address>0x1f70</load_address>
         <run_address>0x1f70</run_address>
         <size>0x98</size>
         <input_file_ref idref="fl-ca"/>
      </object_component>
      <object_component id="oc-1c">
         <name>.debug_line</name>
         <load_address>0x2008</load_address>
         <run_address>0x2008</run_address>
         <size>0x4b</size>
         <input_file_ref idref="fl-ca"/>
      </object_component>
      <object_component id="oc-4b">
         <name>.debug_line</name>
         <load_address>0x2053</load_address>
         <run_address>0x2053</run_address>
         <size>0x39</size>
         <input_file_ref idref="fl-ca"/>
      </object_component>
      <object_component id="oc-96">
         <name>.debug_line</name>
         <load_address>0x208c</load_address>
         <run_address>0x208c</run_address>
         <size>0x8a</size>
         <input_file_ref idref="fl-ca"/>
      </object_component>
      <object_component id="oc-fe">
         <name>.debug_line</name>
         <load_address>0x2116</load_address>
         <run_address>0x2116</run_address>
         <size>0xf2</size>
         <input_file_ref idref="fl-cc"/>
      </object_component>
      <object_component id="oc-f2">
         <name>.debug_line</name>
         <load_address>0x2208</load_address>
         <run_address>0x2208</run_address>
         <size>0x2a</size>
         <input_file_ref idref="fl-cc"/>
      </object_component>
      <object_component id="oc-76">
         <name>.debug_line</name>
         <load_address>0x2232</load_address>
         <run_address>0x2232</run_address>
         <size>0x86</size>
         <input_file_ref idref="fl-cc"/>
      </object_component>
      <object_component id="oc-38">
         <name>.debug_line</name>
         <load_address>0x22b8</load_address>
         <run_address>0x22b8</run_address>
         <size>0x88</size>
         <input_file_ref idref="fl-cd"/>
      </object_component>
      <object_component id="oc-51">
         <name>.debug_line</name>
         <load_address>0x2340</load_address>
         <run_address>0x2340</run_address>
         <size>0x79</size>
         <input_file_ref idref="fl-ce"/>
      </object_component>
      <object_component id="oc-5b">
         <name>.debug_line</name>
         <load_address>0x23b9</load_address>
         <run_address>0x23b9</run_address>
         <size>0x3d</size>
         <input_file_ref idref="fl-cf"/>
      </object_component>
      <object_component id="oc-64">
         <name>.debug_line</name>
         <load_address>0x23f6</load_address>
         <run_address>0x23f6</run_address>
         <size>0x40</size>
         <input_file_ref idref="fl-d0"/>
      </object_component>
      <object_component id="oc-bd">
         <name>.debug_line</name>
         <load_address>0x2436</load_address>
         <run_address>0x2436</run_address>
         <size>0x33</size>
         <input_file_ref idref="fl-d1"/>
      </object_component>
      <object_component id="oc-18e">
         <name>.debug_line</name>
         <load_address>0x2469</load_address>
         <run_address>0x2469</run_address>
         <size>0x20</size>
         <input_file_ref idref="fl-d2"/>
      </object_component>
      <object_component id="oc-fa">
         <name>.debug_line</name>
         <load_address>0x2489</load_address>
         <run_address>0x2489</run_address>
         <size>0x2b</size>
         <input_file_ref idref="fl-d2"/>
      </object_component>
      <object_component id="oc-f4">
         <name>.debug_line</name>
         <load_address>0x24b4</load_address>
         <run_address>0x24b4</run_address>
         <size>0x68</size>
         <input_file_ref idref="fl-d2"/>
      </object_component>
      <object_component id="oc-eb">
         <name>.debug_line</name>
         <load_address>0x251c</load_address>
         <run_address>0x251c</run_address>
         <size>0x2b</size>
         <input_file_ref idref="fl-d3"/>
      </object_component>
      <object_component id="oc-6d">
         <name>.debug_line</name>
         <load_address>0x2547</load_address>
         <run_address>0x2547</run_address>
         <size>0x50</size>
         <input_file_ref idref="fl-d3"/>
      </object_component>
      <object_component id="oc-ef">
         <name>.debug_line</name>
         <load_address>0x2597</load_address>
         <run_address>0x2597</run_address>
         <size>0x2b</size>
         <input_file_ref idref="fl-d3"/>
      </object_component>
      <object_component id="oc-c2">
         <name>.debug_line</name>
         <load_address>0x25c2</load_address>
         <run_address>0x25c2</run_address>
         <size>0xa9</size>
         <input_file_ref idref="fl-d4"/>
      </object_component>
      <object_component id="oc-66">
         <name>.debug_line</name>
         <load_address>0x266b</load_address>
         <run_address>0x266b</run_address>
         <size>0x8b</size>
         <input_file_ref idref="fl-d4"/>
      </object_component>
      <object_component id="oc-c6">
         <name>.debug_line</name>
         <load_address>0x26f6</load_address>
         <run_address>0x26f6</run_address>
         <size>0x2e</size>
         <input_file_ref idref="fl-d4"/>
      </object_component>
      <object_component id="oc-cb">
         <name>.debug_line</name>
         <load_address>0x2724</load_address>
         <run_address>0x2724</run_address>
         <size>0x8b</size>
         <input_file_ref idref="fl-d4"/>
      </object_component>
      <object_component id="oc-100">
         <name>.debug_line</name>
         <load_address>0x27af</load_address>
         <run_address>0x27af</run_address>
         <size>0x98</size>
         <input_file_ref idref="fl-d5"/>
      </object_component>
      <object_component id="oc-a1">
         <name>.debug_line</name>
         <load_address>0x2847</load_address>
         <run_address>0x2847</run_address>
         <size>0x68</size>
         <input_file_ref idref="fl-d5"/>
      </object_component>
      <object_component id="oc-104">
         <name>.debug_line</name>
         <load_address>0x28af</load_address>
         <run_address>0x28af</run_address>
         <size>0x2e</size>
         <input_file_ref idref="fl-d5"/>
      </object_component>
      <object_component id="oc-a5">
         <name>.debug_line</name>
         <load_address>0x28dd</load_address>
         <run_address>0x28dd</run_address>
         <size>0x3c</size>
         <input_file_ref idref="fl-d6"/>
      </object_component>
      <object_component id="oc-b0">
         <name>.debug_frame</name>
         <load_address>0x0</load_address>
         <run_address>0x0</run_address>
         <size>0x86</size>
         <input_file_ref idref="fl-2"/>
      </object_component>
      <object_component id="oc-139">
         <name>.debug_frame</name>
         <load_address>0x86</load_address>
         <run_address>0x86</run_address>
         <size>0x9c</size>
         <input_file_ref idref="fl-3"/>
      </object_component>
      <object_component id="oc-d5">
         <name>.debug_frame</name>
         <load_address>0x122</load_address>
         <run_address>0x122</run_address>
         <size>0xa3</size>
         <input_file_ref idref="fl-4"/>
      </object_component>
      <object_component id="oc-de">
         <name>.debug_frame</name>
         <load_address>0x1c5</load_address>
         <run_address>0x1c5</run_address>
         <size>0xdb</size>
         <input_file_ref idref="fl-5"/>
      </object_component>
      <object_component id="oc-d2">
         <name>.debug_frame</name>
         <load_address>0x2a0</load_address>
         <run_address>0x2a0</run_address>
         <size>0xd0</size>
         <input_file_ref idref="fl-6"/>
      </object_component>
      <object_component id="oc-30">
         <name>.debug_frame</name>
         <load_address>0x370</load_address>
         <run_address>0x370</run_address>
         <size>0xb2</size>
         <input_file_ref idref="fl-7"/>
      </object_component>
      <object_component id="oc-1b1">
         <name>.debug_frame</name>
         <load_address>0x422</load_address>
         <run_address>0x422</run_address>
         <size>0x7f</size>
         <input_file_ref idref="fl-d"/>
      </object_component>
      <object_component id="oc-1b7">
         <name>.debug_frame</name>
         <load_address>0x4a1</load_address>
         <run_address>0x4a1</run_address>
         <size>0x8f</size>
         <input_file_ref idref="fl-d"/>
      </object_component>
      <object_component id="oc-15e">
         <name>.debug_frame</name>
         <load_address>0x530</load_address>
         <run_address>0x530</run_address>
         <size>0x86</size>
         <input_file_ref idref="fl-d"/>
      </object_component>
      <object_component id="oc-152">
         <name>.debug_frame</name>
         <load_address>0x5b6</load_address>
         <run_address>0x5b6</run_address>
         <size>0x7f</size>
         <input_file_ref idref="fl-d"/>
      </object_component>
      <object_component id="oc-1bf">
         <name>.debug_frame</name>
         <load_address>0x635</load_address>
         <run_address>0x635</run_address>
         <size>0x7f</size>
         <input_file_ref idref="fl-d"/>
      </object_component>
      <object_component id="oc-164">
         <name>.debug_frame</name>
         <load_address>0x6b4</load_address>
         <run_address>0x6b4</run_address>
         <size>0x7f</size>
         <input_file_ref idref="fl-d"/>
      </object_component>
      <object_component id="oc-146">
         <name>.debug_frame</name>
         <load_address>0x733</load_address>
         <run_address>0x733</run_address>
         <size>0x7f</size>
         <input_file_ref idref="fl-d"/>
      </object_component>
      <object_component id="oc-16a">
         <name>.debug_frame</name>
         <load_address>0x7b2</load_address>
         <run_address>0x7b2</run_address>
         <size>0x8a</size>
         <input_file_ref idref="fl-d"/>
      </object_component>
      <object_component id="oc-176">
         <name>.debug_frame</name>
         <load_address>0x83c</load_address>
         <run_address>0x83c</run_address>
         <size>0x7f</size>
         <input_file_ref idref="fl-d"/>
      </object_component>
      <object_component id="oc-14b">
         <name>.debug_frame</name>
         <load_address>0x8bb</load_address>
         <run_address>0x8bb</run_address>
         <size>0x7f</size>
         <input_file_ref idref="fl-d"/>
      </object_component>
      <object_component id="oc-196">
         <name>.debug_frame</name>
         <load_address>0x93a</load_address>
         <run_address>0x93a</run_address>
         <size>0x8e</size>
         <input_file_ref idref="fl-e"/>
      </object_component>
      <object_component id="oc-170">
         <name>.debug_frame</name>
         <load_address>0x9c8</load_address>
         <run_address>0x9c8</run_address>
         <size>0x86</size>
         <input_file_ref idref="fl-e"/>
      </object_component>
      <object_component id="oc-e4">
         <name>.debug_frame</name>
         <load_address>0xa4e</load_address>
         <run_address>0xa4e</run_address>
         <size>0x86</size>
         <input_file_ref idref="fl-e"/>
      </object_component>
      <object_component id="oc-1c5">
         <name>.debug_frame</name>
         <load_address>0xad4</load_address>
         <run_address>0xad4</run_address>
         <size>0x7f</size>
         <input_file_ref idref="fl-e"/>
      </object_component>
      <object_component id="oc-12f">
         <name>.debug_frame</name>
         <load_address>0xb53</load_address>
         <run_address>0xb53</run_address>
         <size>0x7f</size>
         <input_file_ref idref="fl-f"/>
      </object_component>
      <object_component id="oc-129">
         <name>.debug_frame</name>
         <load_address>0xbd2</load_address>
         <run_address>0xbd2</run_address>
         <size>0x7f</size>
         <input_file_ref idref="fl-f"/>
      </object_component>
      <object_component id="oc-158">
         <name>.debug_frame</name>
         <load_address>0xc51</load_address>
         <run_address>0xc51</run_address>
         <size>0x7f</size>
         <input_file_ref idref="fl-10"/>
      </object_component>
      <object_component id="oc-123">
         <name>.debug_frame</name>
         <load_address>0xcd0</load_address>
         <run_address>0xcd0</run_address>
         <size>0x8e</size>
         <input_file_ref idref="fl-10"/>
      </object_component>
      <object_component id="oc-10b">
         <name>.debug_frame</name>
         <load_address>0xd5e</load_address>
         <run_address>0xd5e</run_address>
         <size>0x7f</size>
         <input_file_ref idref="fl-11"/>
      </object_component>
      <object_component id="oc-111">
         <name>.debug_frame</name>
         <load_address>0xddd</load_address>
         <run_address>0xddd</run_address>
         <size>0x86</size>
         <input_file_ref idref="fl-11"/>
      </object_component>
      <object_component id="oc-116">
         <name>.debug_frame</name>
         <load_address>0xe63</load_address>
         <run_address>0xe63</run_address>
         <size>0x7f</size>
         <input_file_ref idref="fl-11"/>
      </object_component>
      <object_component id="oc-11c">
         <name>.debug_frame</name>
         <load_address>0xee2</load_address>
         <run_address>0xee2</run_address>
         <size>0x7f</size>
         <input_file_ref idref="fl-11"/>
      </object_component>
      <object_component id="oc-188">
         <name>.debug_frame</name>
         <load_address>0xf61</load_address>
         <run_address>0xf61</run_address>
         <size>0x7f</size>
         <input_file_ref idref="fl-12"/>
      </object_component>
      <object_component id="oc-16">
         <name>.debug_frame</name>
         <load_address>0xfe0</load_address>
         <run_address>0xfe0</run_address>
         <size>0x7f</size>
         <input_file_ref idref="fl-c9"/>
      </object_component>
      <object_component id="oc-44">
         <name>.debug_frame</name>
         <load_address>0x105f</load_address>
         <run_address>0x105f</run_address>
         <size>0x8e</size>
         <input_file_ref idref="fl-ca"/>
      </object_component>
      <object_component id="oc-1d">
         <name>.debug_frame</name>
         <load_address>0x10ed</load_address>
         <run_address>0x10ed</run_address>
         <size>0x7f</size>
         <input_file_ref idref="fl-ca"/>
      </object_component>
      <object_component id="oc-75">
         <name>.debug_frame</name>
         <load_address>0x116c</load_address>
         <run_address>0x116c</run_address>
         <size>0xb3</size>
         <input_file_ref idref="fl-cc"/>
      </object_component>
      <object_component id="oc-5a">
         <name>.debug_frame</name>
         <load_address>0x121f</load_address>
         <run_address>0x121f</run_address>
         <size>0x7f</size>
         <input_file_ref idref="fl-cf"/>
      </object_component>
      <object_component id="oc-60">
         <name>.debug_frame</name>
         <load_address>0x129e</load_address>
         <run_address>0x129e</run_address>
         <size>0x7f</size>
         <input_file_ref idref="fl-d0"/>
      </object_component>
      <object_component id="oc-f8">
         <name>.debug_frame</name>
         <load_address>0x131d</load_address>
         <run_address>0x131d</run_address>
         <size>0xa1</size>
         <input_file_ref idref="fl-d2"/>
      </object_component>
      <object_component id="oc-6c">
         <name>.debug_frame</name>
         <load_address>0x13be</load_address>
         <run_address>0x13be</run_address>
         <size>0x7f</size>
         <input_file_ref idref="fl-d3"/>
      </object_component>
      <object_component id="oc-6a">
         <name>.debug_frame</name>
         <load_address>0x143d</load_address>
         <run_address>0x143d</run_address>
         <size>0x8a</size>
         <input_file_ref idref="fl-d4"/>
      </object_component>
      <object_component id="oc-a2">
         <name>.debug_frame</name>
         <load_address>0x14c7</load_address>
         <run_address>0x14c7</run_address>
         <size>0x8e</size>
         <input_file_ref idref="fl-d5"/>
      </object_component>
      <object_component id="oc-a4">
         <name>.debug_frame</name>
         <load_address>0x1555</load_address>
         <run_address>0x1555</run_address>
         <size>0x7f</size>
         <input_file_ref idref="fl-d6"/>
      </object_component>
      <object_component id="oc-18a">
         <name>.debug_abbrev</name>
         <load_address>0x0</load_address>
         <run_address>0x0</run_address>
         <size>0x9e</size>
         <input_file_ref idref="fl-2"/>
      </object_component>
      <object_component id="oc-e9">
         <name>.debug_abbrev</name>
         <load_address>0x9e</load_address>
         <run_address>0x9e</run_address>
         <size>0x71</size>
         <input_file_ref idref="fl-2"/>
      </object_component>
      <object_component id="oc-180">
         <name>.debug_abbrev</name>
         <load_address>0x10f</load_address>
         <run_address>0x10f</run_address>
         <size>0x42</size>
         <input_file_ref idref="fl-2"/>
      </object_component>
      <object_component id="oc-8d">
         <name>.debug_abbrev</name>
         <load_address>0x151</load_address>
         <run_address>0x151</run_address>
         <size>0x1f</size>
         <input_file_ref idref="fl-2"/>
      </object_component>
      <object_component id="oc-80">
         <name>.debug_abbrev</name>
         <load_address>0x170</load_address>
         <run_address>0x170</run_address>
         <size>0x35</size>
         <input_file_ref idref="fl-2"/>
      </object_component>
      <object_component id="oc-1a3">
         <name>.debug_abbrev</name>
         <load_address>0x1a5</load_address>
         <run_address>0x1a5</run_address>
         <size>0x6e</size>
         <input_file_ref idref="fl-3"/>
      </object_component>
      <object_component id="oc-1a4">
         <name>.debug_abbrev</name>
         <load_address>0x213</load_address>
         <run_address>0x213</run_address>
         <size>0x65</size>
         <input_file_ref idref="fl-4"/>
      </object_component>
      <object_component id="oc-13a">
         <name>.debug_abbrev</name>
         <load_address>0x278</load_address>
         <run_address>0x278</run_address>
         <size>0x89</size>
         <input_file_ref idref="fl-4"/>
      </object_component>
      <object_component id="oc-13e">
         <name>.debug_abbrev</name>
         <load_address>0x301</load_address>
         <run_address>0x301</run_address>
         <size>0x1f</size>
         <input_file_ref idref="fl-4"/>
      </object_component>
      <object_component id="oc-1f7">
         <name>.debug_abbrev</name>
         <load_address>0x320</load_address>
         <run_address>0x320</run_address>
         <size>0xa6</size>
         <input_file_ref idref="fl-5"/>
      </object_component>
      <object_component id="oc-1cf">
         <name>.debug_abbrev</name>
         <load_address>0x3c6</load_address>
         <run_address>0x3c6</run_address>
         <size>0x27</size>
         <input_file_ref idref="fl-5"/>
      </object_component>
      <object_component id="oc-1cd">
         <name>.debug_abbrev</name>
         <load_address>0x3ed</load_address>
         <run_address>0x3ed</run_address>
         <size>0x29</size>
         <input_file_ref idref="fl-5"/>
      </object_component>
      <object_component id="oc-17d">
         <name>.debug_abbrev</name>
         <load_address>0x416</load_address>
         <run_address>0x416</run_address>
         <size>0xb4</size>
         <input_file_ref idref="fl-5"/>
      </object_component>
      <object_component id="oc-19a">
         <name>.debug_abbrev</name>
         <load_address>0x4ca</load_address>
         <run_address>0x4ca</run_address>
         <size>0x78</size>
         <input_file_ref idref="fl-6"/>
      </object_component>
      <object_component id="oc-121">
         <name>.debug_abbrev</name>
         <load_address>0x542</load_address>
         <run_address>0x542</run_address>
         <size>0xd4</size>
         <input_file_ref idref="fl-6"/>
      </object_component>
      <object_component id="oc-7c">
         <name>.debug_abbrev</name>
         <load_address>0x616</load_address>
         <run_address>0x616</run_address>
         <size>0x54</size>
         <input_file_ref idref="fl-7"/>
      </object_component>
      <object_component id="oc-31">
         <name>.debug_abbrev</name>
         <load_address>0x66a</load_address>
         <run_address>0x66a</run_address>
         <size>0x29</size>
         <input_file_ref idref="fl-7"/>
      </object_component>
[...]
         <size>0x5b3</size>
         <contents>
            <object_component_ref idref="oc-17f"/>
            <object_component_ref idref="oc-8c"/>
            <object_component_ref idref="oc-7f"/>
            <object_component_ref idref="oc-13d"/>
            <object_component_ref idref="oc-1e2"/>
            <object_component_ref idref="oc-3b"/>
            <object_component_ref idref="oc-85"/>
            <object_component_ref idref="oc-49"/>
            <object_component_ref idref="oc-94"/>
            <object_component_ref idref="oc-bb"/>
            <object_component_ref idref="oc-fc"/>
            <object_component_ref idref="oc-ed"/>
            <object_component_ref idref="oc-c4"/>
            <object_component_ref idref="oc-c9"/>
            <object_component_ref idref="oc-102"/>
         </contents>
      </logical_group>
      <load_segment id="lg-230" display="no" color="cyan">
         <name>SEGMENT_0</name>
         <load_address>0x0</load_address>
         <run_address>0x0</run_address>
         <size>0x135c</size>
         <flags>0x5</flags>
         <contents>
            <logical_group_ref idref="lg-3"/>
            <logical_group_ref idref="lg-4"/>
            <logical_group_ref idref="lg-5"/>
            <logical_group_ref idref="lg-6"/>
         </contents>
      </load_segment>
      <load_segment id="lg-231" display="no" color="cyan">
         <name>SEGMENT_1</name>
         <run_address>0x20000000</run_address>
         <size>0x4b0</size>
         <flags>0x6</flags>
         <contents>
            <logical_group_ref idref="lg-9"/>
            <logical_group_ref idref="lg-d"/>
            <logical_group_ref idref="lg-a"/>
            <logical_group_ref idref="lg-b"/>
         </contents>
      </load_segment>
   </logical_group_list>
   <placement_map>
      <memory_area display="yes" color="green">
         <name>FLASH</name>
         <page_id>0x0</page_id>
         <origin>0x0</origin>
         <length>0x40000</length>
         <used_space>0x135c</used_space>
         <unused_space>0x3eca4</unused_space>
         <attributes>RX</attributes>
         <usage_details>
            <allocated_space>
               <start_address>0x0</start_address>
               <size>0x26c</size>
               <logical_group_ref idref="lg-3"/>
            </allocated_space>
            <allocated_space>
               <start_address>0x26c</start_address>
               <size>0xd8c</size>
               <logical_group_ref idref="lg-4"/>
            </allocated_space>
            <allocated_space>
               <start_address>0xff8</start_address>
               <size>0x310</size>
               <logical_group_ref idref="lg-5"/>
            </allocated_space>
            <allocated_space>
               <start_address>0x1308</start_address>
               <size>0x54</size>
               <logical_group_ref idref="lg-6"/>
            </allocated_space>
            <available_space>
               <start_address>0x135c</start_address>
               <size>0x3eca4</size>
            </available_space>
         </usage_details>
      </memory_area>
      <memory_area display="yes" color="green">
         <name>SRAM</name>
         <page_id>0x0</page_id>
         <origin>0x20000000</origin>
         <length>0x8000</length>
         <used_space>0x4b0</used_space>
         <unused_space>0x7b50</unused_space>
         <attributes>RWX</attributes>
         <usage_details>
            <allocated_space>
               <start_address>0x20000000</start_address>
               <size>0x26c</size>
               <logical_group_ref idref="lg-9"/>
            </allocated_space>
            <allocated_space>
               <start_address>0x2000026c</start_address>
               <size>0x200</size>
               <logical_group_ref idref="lg-d"/>
            </allocated_space>
            <allocated_space>
               <start_address>0x2000046c</start_address>
               <size>0x30</size>
               <logical_group_ref idref="lg-a"/>
            </allocated_space>
            <allocated_space>
               <start_address>0x2000049c</start_address>
               <size>0x14</size>
               <logical_group_ref idref="lg-b"/>
            </allocated_space>
            <available_space>
               <start_address>0x200004b0</start_address>
               <size>0x7b50</size>
            </available_space>
         </usage_details>
      </memory_area>
   </placement_map>
   <cptbl_list>
      <cptbl>
         <name>__TI_cinit_table</name>
         <cprec>
            <name>.data</name>
            <load_address>0x1308</load_address>
            <load_size>0x16</load_size>
            <run_address>0x2000046c</run_address>
            <run_size>0x30</run_size>
            <compression>rle</compression>
         </cprec>
         <cprec>
            <name>.vtable</name>
            <load_address>0x1320</load_address>
            <load_size>0xb</load_size>
            <run_address>0x20000000</run_address>
            <run_size>0x26c</run_size>
            <compression>rle</compression>
         </cprec>
         <cprec>
            <name>.bss</name>
            <load_address>0x1330</load_address>
            <load_size>0x9</load_size>
            <run_address>0x2000049c</run_address>
            <run_size>0x14</run_size>
            <compression>rle</compression>
         </cprec>
      </cptbl>
   </cptbl_list>
   <handler_table>
      <handler_table_name>__TI_handler_table</handler_table_name>
      <handler>
         <index>0x0</index>
         <name>__TI_decompress_rle24</name>
      </handler>
      <handler>
         <index>0x1</index>
         <name>__TI_decompress_none</name>
      </handler>
   </handler_table>
   <symbol_table>
      <symbol id="sm-1">
         <name>__STACK_TOP</name>
         <value>0x2000046c</value>
      </symbol>
      <symbol id="sm-2">
         <name>__TI_CINIT_Base</name>
         <value>0x1344</value>
      </symbol>
      <symbol id="sm-3">
         <name>__TI_CINIT_Limit</name>
         <value>0x135c</value>
      </symbol>
      <symbol id="sm-4">
         <name>__TI_Handler_Table_Base</name>
         <value>0x133c</value>
      </symbol>
      <symbol id="sm-5">
         <name>__TI_Handler_Table_Limit</name>
         <value>0x1344</value>
      </symbol>
      <symbol id="sm-6">
         <name>binit</name>
         <value>0xffffffff</value>
      </symbol>
      <symbol id="sm-7">
         <name>__binit__</name>
         <value>0xffffffff</value>
      </symbol>
      <symbol id="sm-8">
         <name>__STACK_SIZE</name>
         <value>0x200</value>
      </symbol>
      <symbol id="sm-9">
         <name>__STACK_END</name>
         <value>0x2000046c</value>
      </symbol>
      <symbol id="sm-a">
         <name>__c_args__</name>
         <value>0xffffffff</value>
      </symbol>
      <symbol id="sm-b">
         <name>__TI_pprof_out_hndl</name>
         <value>0xffffffff</value>
      </symbol>
      <symbol id="sm-c">
         <name>__TI_prof_data_start</name>
         <value>0xffffffff</value>
      </symbol>
      <symbol id="sm-d">
         <name>__TI_prof_data_size</name>
         <value>0xffffffff</value>
      </symbol>
      <symbol id="sm-45">
         <name>Throttle</name>
         <value>0x200004a8</value>
      </symbol>
      <symbol id="sm-46">
         <name>main</name>
         <value>0xc69</value>
         <object_component_ref idref="oc-ab"/>
      </symbol>
      <symbol id="sm-53">
         <name>mapf</name>
         <value>0x8bd</value>
         <object_component_ref idref="oc-134"/>
      </symbol>
      <symbol id="sm-54">
         <name>constrain</name>
         <value>0x915</value>
         <object_component_ref idref="oc-134"/>
      </symbol>
      <symbol id="sm-75">
         <name>initPWM</name>
         <value>0x689</value>
         <object_component_ref idref="oc-d3"/>
      </symbol>
      <symbol id="sm-76">
         <name>writeMotor</name>
         <value>0x737</value>
         <object_component_ref idref="oc-d3"/>
      </symbol>
      <symbol id="sm-bc">
         <name>RXChannel</name>
         <value>0x26d</value>
         <object_component_ref idref="oc-d9"/>
      </symbol>
      <symbol id="sm-bd">
         <name>getRXchannel</name>
         <value>0x441</value>
         <object_component_ref idref="oc-d9"/>
      </symbol>
      <symbol id="sm-be">
         <name>isArmed</name>
         <value>0x47f</value>
         <object_component_ref idref="oc-d9"/>
      </symbol>
      <symbol id="sm-bf">
         <name>RisingEdge6</name>
         <value>0x20000480</value>
         <object_component_ref idref="oc-177"/>
      </symbol>
      <symbol id="sm-c0">
         <name>RisingEdge5</name>
         <value>0x2000047c</value>
         <object_component_ref idref="oc-177"/>
      </symbol>
      <symbol id="sm-c1">
         <name>RisingEdge4</name>
         <value>0x20000478</value>
         <object_component_ref idref="oc-177"/>
      </symbol>
      <symbol id="sm-c2">
         <name>RisingEdge3</name>
         <value>0x20000474</value>
         <object_component_ref idref="oc-177"/>
      </symbol>
      <symbol id="sm-c3">
         <name>RisingEdge2</name>
         <value>0x20000470</value>
         <object_component_ref idref="oc-177"/>
      </symbol>
      <symbol id="sm-c4">
         <name>RisingEdge1</name>
         <value>0x2000046c</value>
         <object_component_ref idref="oc-177"/>
      </symbol>
      <symbol id="sm-c5">
         <name>initRX</name>
         <value>0x3ff</value>
         <object_component_ref idref="oc-d9"/>
      </symbol>
      <symbol id="sm-dc">
         <name>microsec</name>
         <value>0x200004ac</value>
      </symbol>
      <symbol id="sm-dd">
         <name>millis</name>
         <value>0xbf5</value>
         <object_component_ref idref="oc-cd"/>
      </symbol>
      <symbol id="sm-de">
         <name>Delay</name>
         <value>0xbbf</value>
         <object_component_ref idref="oc-cd"/>
      </symbol>
      <symbol id="sm-df">
         <name>micros</name>
         <value>0xc03</value>
         <object_component_ref idref="oc-cd"/>
      </symbol>
      <symbol id="sm-e0">
         <name>initTime</name>
         <value>0xbdd</value>
         <object_component_ref idref="oc-cd"/>
      </symbol>
      <symbol id="sm-fc">
         <name>ResetISR</name>
         <value>0xfd1</value>
         <object_component_ref idref="oc-2b"/>
      </symbol>
      <symbol id="sm-fd">
         <name>g_pfnVectors</name>
         <value>0x0</value>
         <object_component_ref idref="oc-f"/>
      </symbol>
      <symbol id="sm-16b">
         <name>GPIOIntRegister</name>
         <value>0xeed</value>
         <object_component_ref idref="oc-165"/>
      </symbol>
      <symbol id="sm-16c">
         <name>GPIOIntEnable</name>
         <value>0xfc5</value>
         <object_component_ref idref="oc-171"/>
      </symbol>
      <symbol id="sm-16d">
         <name>GPIOIntTypeSet</name>
         <value>0xc11</value>
         <object_component_ref idref="oc-15f"/>
      </symbol>
      <symbol id="sm-16e">
         <name>GPIOPinTypeGPIOInput</name>
         <value>0xf59</value>
         <object_component_ref idref="oc-159"/>
      </symbol>
      <symbol id="sm-16f">
         <name>GPIOIntClear</name>
         <value>0xfdd</value>
         <object_component_ref idref="oc-147"/>
      </symbol>
      <symbol id="sm-170">
         <name>GPIOIntStatus</name>
         <value>0xf9d</value>
         <object_component_ref idref="oc-141"/>
      </symbol>
      <symbol id="sm-171">
         <name>GPIOPinRead</name>
         <value>0xfe3</value>
         <object_component_ref idref="oc-14d"/>
      </symbol>
      <symbol id="sm-172">
         <name>GPIODirModeSet</name>
         <value>0xe5d</value>
         <object_component_ref idref="oc-1ac"/>
      </symbol>
      <symbol id="sm-173">
         <name>GPIOPadConfigSet</name>
         <value>0x555</value>
         <object_component_ref idref="oc-1b2"/>
      </symbol>
      <symbol id="sm-1c6">
         <name>IntPrioritySet</name>
         <value>0xe89</value>
         <object_component_ref idref="oc-16b"/>
      </symbol>
      <symbol id="sm-1c7">
         <name>IntEnable</name>
         <value>0xb4d</value>
         <object_component_ref idref="oc-1c0"/>
      </symbol>
      <symbol id="sm-1c8">
         <name>IntRegister</name>
         <value>0xdf5</value>
         <object_component_ref idref="oc-191"/>
      </symbol>
      <symbol id="sm-1c9">
         <name>g_pfnRAMVectors</name>
         <value>0x20000000</value>
         <object_component_ref idref="oc-1d5"/>
      </symbol>
      <symbol id="sm-1ca">
         <name>IntMasterEnable</name>
         <value>0xf6b</value>
         <object_component_ref idref="oc-df"/>
      </symbol>
      <symbol id="sm-1df">
         <name>PWMGenPeriodSet</name>
         <value>0xf7b</value>
         <object_component_ref idref="oc-12e"/>
      </symbol>
      <symbol id="sm-1e0">
         <name>PWMGenConfigure</name>
         <value>0xead</value>
         <object_component_ref idref="oc-128"/>
      </symbol>
      <symbol id="sm-21c">
         <name>SysCtlDelay</name>
         <value>0xfe9</value>
         <object_component_ref idref="oc-e5"/>
      </symbol>
      <symbol id="sm-21d">
         <name>SysCtlPeripheralEnable</name>
         <value>0xe29</value>
         <object_component_ref idref="oc-153"/>
      </symbol>
      <symbol id="sm-21e">
         <name>SysCtlClockGet</name>
         <value>0x7ad</value>
         <object_component_ref idref="oc-122"/>
      </symbol>
      <symbol id="sm-24b">
         <name>SysTickEnable</name>
         <value>0xf1d</value>
         <object_component_ref idref="oc-118"/>
      </symbol>
      <symbol id="sm-24c">
         <name>SysTickIntRegister</name>
         <value>0xed1</value>
         <object_component_ref idref="oc-10c"/>
      </symbol>
      <symbol id="sm-24d">
         <name>SysTickIntEnable</name>
         <value>0xf31</value>
         <object_component_ref idref="oc-112"/>
      </symbol>
      <symbol id="sm-24e">
         <name>SysTickPeriodSet</name>
         <value>0xf8d</value>
         <object_component_ref idref="oc-106"/>
      </symbol>
      <symbol id="sm-258">
         <name>CPUcpsie</name>
         <value>0xfb9</value>
         <object_component_ref idref="oc-183"/>
      </symbol>
      <symbol id="sm-269">
         <name>_c_int00</name>
         <value>0xcbd</value>
         <object_component_ref idref="oc-24"/>
      </symbol>
      <symbol id="sm-26a">
         <name>__stack</name>
         <value>0x2000026c</value>
         <object_component_ref idref="oc-2a"/>
      </symbol>
      <symbol id="sm-281">
         <name>__TI_decompress_none</name>
         <value>0xfab</value>
         <object_component_ref idref="oc-12"/>
      </symbol>
      <symbol id="sm-2a9">
         <name>__TI_decompress_rle24</name>
         <value>0xfef</value>
         <object_component_ref idref="oc-18"/>
      </symbol>
      <symbol id="sm-2cb">
         <name>C$$EXIT</name>
         <value>0xd11</value>
         <object_component_ref idref="oc-71"/>
      </symbol>
      <symbol id="sm-2cc">
         <name>abort</name>
         <value>0xd15</value>
         <object_component_ref idref="oc-71"/>
      </symbol>
      <symbol id="sm-2cd">
         <name>exit</name>
         <value>0xd1d</value>
         <object_component_ref idref="oc-71"/>
      </symbol>
      <symbol id="sm-2ce">
         <name>__TI_dtors_ptr</name>
         <value>0x20000488</value>
         <object_component_ref idref="oc-b3"/>
      </symbol>
      <symbol id="sm-2cf">
         <name>__TI_cleanup_ptr</name>
         <value>0x20000484</value>
         <object_component_ref idref="oc-b3"/>
      </symbol>
      <symbol id="sm-2d0">
         <name>__TI_enable_exit_profile_output</name>
         <value>0x2000048c</value>
         <object_component_ref idref="oc-b3"/>
      </symbol>
      <symbol id="sm-2eb">
         <name>memcpy</name>
         <value>0x959</value>
         <object_component_ref idref="oc-34"/>
      </symbol>
      <symbol id="sm-2ec">
         <name>__aeabi_memcpy</name>
         <value>0x959</value>
         <object_component_ref idref="oc-34"/>
      </symbol>
      <symbol id="sm-2ed">
         <name>__aeabi_memcpy8</name>
         <value>0x959</value>
         <object_component_ref idref="oc-34"/>
      </symbol>
      <symbol id="sm-2ee">
         <name>__aeabi_memcpy4</name>
         <value>0x959</value>
         <object_component_ref idref="oc-34"/>
      </symbol>
      <symbol id="sm-2fd">
         <name>__aeabi_memset</name>
         <value>0x9f7</value>
         <object_component_ref idref="oc-4d"/>
      </symbol>
      <symbol id="sm-2fe">
         <name>memset</name>
         <value>0x9fd</value>
         <object_component_ref idref="oc-4d"/>
      </symbol>
      <symbol id="sm-2ff">
         <name>__aeabi_memset8</name>
         <value>0x9f7</value>
         <object_component_ref idref="oc-4d"/>
      </symbol>
      <symbol id="sm-300">
         <name>__aeabi_memset4</name>
         <value>0x9f7</value>
         <object_component_ref idref="oc-4d"/>
      </symbol>
      <symbol id="sm-301">
         <name>__aeabi_memclr8</name>
         <value>0x9f5</value>
         <object_component_ref idref="oc-4d"/>
      </symbol>
      <symbol id="sm-302">
         <name>__aeabi_memclr4</name>
         <value>0x9f5</value>
         <object_component_ref idref="oc-4d"/>
      </symbol>
      <symbol id="sm-303">
         <name>__aeabi_memclr</name>
         <value>0x9f5</value>
         <object_component_ref idref="oc-4d"/>
      </symbol>
      <symbol id="sm-30d">
         <name>__mpu_init</name>
         <value>0x687</value>
         <object_component_ref idref="oc-59"/>
      </symbol>
      <symbol id="sm-317">
         <name>_system_pre_init</name>
         <value>0xff5</value>
         <object_component_ref idref="oc-5f"/>
      </symbol>
      <symbol id="sm-31f">
         <name>main_func_sp</name>
         <value>0x20000498</value>
         <object_component_ref idref="oc-77"/>
      </symbol>
      <symbol id="sm-338">
         <name>_nop</name>
         <value>0xf53</value>
         <object_component_ref idref="oc-f3"/>
      </symbol>
      <symbol id="sm-339">
         <name>_lock</name>
         <value>0x20000490</value>
         <object_component_ref idref="oc-b6"/>
      </symbol>
      <symbol id="sm-33a">
         <name>_unlock</name>
         <value>0x20000494</value>
         <object_component_ref idref="oc-b6"/>
      </symbol>
      <symbol id="sm-33b">
         <name>_register_lock</name>
         <value>0xf4b</value>
         <object_component_ref idref="oc-f3"/>
      </symbol>
      <symbol id="sm-33c">
         <name>_register_unlock</name>
         <value>0xf45</value>
         <object_component_ref idref="oc-f3"/>
      </symbol>
      <symbol id="sm-350">
         <name>_args_main</name>
         <value>0xf05</value>
         <object_component_ref idref="oc-6b"/>
      </symbol>
      <symbol id="sm-375">
         <name>__TI_auto_init</name>
         <value>0xa71</value>
         <object_component_ref idref="oc-65"/>
      </symbol>
      <symbol id="sm-38f">
         <name>copy_in</name>
         <value>0xd65</value>
         <object_component_ref idref="oc-9d"/>
      </symbol>
      <symbol id="sm-399">
         <name>_system_post_cinit</name>
         <value>0xa6f</value>
         <object_component_ref idref="oc-a3"/>
      </symbol>
      <symbol id="sm-39a">
         <name>__TI_static_base__</name>
         <value>0x0</value>
      </symbol>
      <symbol id="sm-39d">
         <name>SHT$$INIT_ARRAY$$Limit</name>
         <value>0x0</value>
      </symbol>
      <symbol id="sm-39e">
         <name>SHT$$INIT_ARRAY$$Base</name>
         <value>0x0</value>
      </symbol>
   </symbol_table>
   <title>Link successful</title>
</link_info>
