******************************************************************************
                  TI ARM Linker PC v15.12.3                    
******************************************************************************
>> Linked Fri Jul 06 19:18:19 2018

OUTPUT FILE NAME:   <MicroServo9g_ControleRemoto.out>
ENTRY POINT SYMBOL: "_c_int00"  address: 00000cbd


MEMORY CONFIGURATION

         name            origin    length      used     unused   attr    fill
----------------------  --------  ---------  --------  --------  ----  --------
  FLASH                 00000000   00040000  0000135c  0003eca4  R  X
  SRAM                  20000000   00008000  000004b0  00007b50  RW X


SEGMENT ALLOCATION MAP

run origin  load origin   length   init length attrs members
----------  ----------- ---------- ----------- ----- -------
00000000    00000000    0000135c   0000135c    r-x
  00000000    00000000    0000026c   0000026c    r-- .intvecs
  0000026c    0000026c    00000d8c   00000d8c    r-x .text
  00000ff8    00000ff8    00000310   00000310    r-- .const
  00001308    00001308    00000054   00000054    r-- .cinit
20000000    20000000    000004b0   00000000    rw-
  20000000    20000000    0000026c   00000000    rw- .vtable
  2000026c    2000026c    00000200   00000000    rw- .stack
  2000046c    2000046c    00000030   00000000    rw- .data
  2000049c    2000049c    00000014   00000000    rw- .bss


SECTION ALLOCATION MAP

 output                                  attributes/
section   page    origin      length       input sections
--------  ----  ----------  ----------   ----------------
.intvecs   0    00000000    0000026c     
                  00000000    0000026c     tm4c123gh6pm_startup_ccs.obj (.intvecs)

.text      0    0000026c    00000d8c     
                  0000026c    000002e8     rx.obj (.text)
                  00000554    00000132     driverlib.lib : gpio.obj (.text:GPIOPadConfigSet)
                  00000686    00000002     rtsv7M4_T_le_v4SPD16_eabi.lib : mpu_init.obj (.text)
                  00000688    00000124     pwm.obj (.text)
                  000007ac    00000110     driverlib.lib : sysctl.obj (.text:SysCtlClockGet)
                  000008bc    0000009c     mat.obj (.text)
                  00000958    0000009c     rtsv7M4_T_le_v4SPD16_eabi.lib : memcpy_t2.obj (.text)
                  000009f4    0000007a                                   : memset_t2.obj (.text)
                  00000a6e    00000002                                   : startup.obj (.text)
                  00000a70    00000070                                   : autoinit.obj (.text)
                  00000ae0    0000006a                                   : copy_decompress_rle.obj (.text)
                  00000b4a    00000002     --HOLE-- [fill = 0]
                  00000b4c    00000068     driverlib.lib : interrupt.obj (.text:IntEnable)
                  00000bb4    0000005c     time.obj (.text)
                  00000c10    00000056     driverlib.lib : gpio.obj (.text:GPIOIntTypeSet)
                  00000c66    00000002     --HOLE-- [fill = 0]
                  00000c68    00000054     main.obj (.text)
                  00000cbc    00000054     rtsv7M4_T_le_v4SPD16_eabi.lib : boot.obj (.text)
                  00000d10    00000054                                   : exit.obj (.text)
                  00000d64    0000004c                                   : cpy_tbl.obj (.text)
                  00000db0    00000044     driverlib.lib : gpio.obj (.text:_GPIOIntNumberGet)
                  00000df4    00000034                   : interrupt.obj (.text:IntRegister)
                  00000e28    00000034                   : sysctl.obj (.text:SysCtlPeripheralEnable)
                  00000e5c    0000002a                   : gpio.obj (.text:GPIODirModeSet)
                  00000e86    00000002     --HOLE-- [fill = 0]
                  00000e88    00000024                   : interrupt.obj (.text:IntPrioritySet)
                  00000eac    00000022                   : pwm.obj (.text:PWMGenConfigure)
                  00000ece    00000002     --HOLE-- [fill = 0]
                  00000ed0    0000001c                   : systick.obj (.text:SysTickIntRegister)
                  00000eec    00000018                   : gpio.obj (.text:GPIOIntRegister)
                  00000f04    00000018     rtsv7M4_T_le_v4SPD16_eabi.lib : args_main.obj (.text)
                  00000f1c    00000014     driverlib.lib : systick.obj (.text:SysTickEnable)
                  00000f30    00000014                   : systick.obj (.text:SysTickIntEnable)
                  00000f44    00000014     rtsv7M4_T_le_v4SPD16_eabi.lib : _lock.obj (.text)
                  00000f58    00000012     driverlib.lib : gpio.obj (.text:GPIOPinTypeGPIOInput)
                  00000f6a    00000010                   : interrupt.obj (.text:IntMasterEnable)
                  00000f7a    00000010                   : pwm.obj (.text:PWMGenPeriodSet)
                  00000f8a    00000002     --HOLE-- [fill = 0]
                  00000f8c    00000010                   : systick.obj (.text:SysTickPeriodSet)
                  00000f9c    0000000e                   : gpio.obj (.text:GPIOIntStatus)
                  00000faa    0000000e     rtsv7M4_T_le_v4SPD16_eabi.lib : copy_decompress_none.obj (.text:decompress:none)
                  00000fb8    0000000c     driverlib.lib : cpu.obj (.text:CPUcpsie)
                  00000fc4    0000000c                   : gpio.obj (.text:GPIOIntEnable)
                  00000fd0    0000000c     tm4c123gh6pm_startup_ccs.obj (.text)
                  00000fdc    00000006     driverlib.lib : gpio.obj (.text:GPIOIntClear)
                  00000fe2    00000006                   : gpio.obj (.text:GPIOPinRead)
                  00000fe8    00000006                   : sysctl.obj (.text:SysCtlDelay)
                  00000fee    00000006     rtsv7M4_T_le_v4SPD16_eabi.lib : copy_decompress_rle.obj (.text:decompress:rle24)
                  00000ff4    00000004                                   : pre_init.obj (.text)

.const     0    00000ff8    00000310     
                  00000ff8    000000d8     driverlib.lib : gpio.obj (.const:g_ppui32GPIOIntMapSnowflake)
                  000010d0    000000c0                   : gpio.obj (.const:g_ppui32GPIOIntMapBlizzard)
                  00001190    0000009c                   : interrupt.obj (.const:g_pui32Regs)
                  0000122c    00000070                   : interrupt.obj (.const)
                  0000129c    0000006c                   : sysctl.obj (.const:g_pui32Xtals)

.cinit     0    00001308    00000054     
                  00001308    00000016     (.cinit..data.load) [load image, compression = rle]
                  0000131e    00000002     --HOLE-- [fill = 0]
                  00001320    0000000b     (.cinit..vtable.load) [load image, compression = rle]
                  0000132b    00000005     --HOLE-- [fill = 0]
                  00001330    00000009     (.cinit..bss.load) [load image, compression = rle]
                  00001339    00000003     --HOLE-- [fill = 0]
                  0000133c    00000008     (__TI_handler_table)
                  00001344    00000018     (__TI_cinit_table)

.init_array 
*          0    00000000    00000000     UNINITIALIZED

.vtable    0    20000000    0000026c     UNINITIALIZED
                  20000000    0000026c     driverlib.lib : interrupt.obj (.vtable)

.stack     0    2000026c    00000200     UNINITIALIZED
                  2000026c    00000200     --HOLE--

.data      0    2000046c    00000030     UNINITIALIZED
                  2000046c    00000018     rx.obj (.data)
                  20000484    0000000c     rtsv7M4_T_le_v4SPD16_eabi.lib : exit.obj (.data:$O1$$)
                  20000490    00000008                                   : _lock.obj (.data:$O1$$)
                  20000498    00000004                                   : stkdepth_vars.obj (.data)

.bss       0    2000049c    00000014     UNINITIALIZED
                  2000049c    0000000c     rx.obj (.bss:rxChannel)
                  200004a8    00000004     (.common:Throttle)
                  200004ac    00000004     (.common:microsec)

MODULE SUMMARY

       Module                         code   ro data   rw data
       ------                         ----   -------   -------
    .\
       rx.obj                         744    0         36     
       tm4c123gh6pm_startup_ccs.obj   12     620       0      
       pwm.obj                        292    0         0      
       mat.obj                        156    0         0      
       time.obj                       92     0         4      
       main.obj                       84     0         4      
    +--+------------------------------+------+---------+---------+
       Total:                         1380   620       44     
                                                              
    C:/ti/TivaWare_C_Series-2.1.4.178/driverlib/ccs/Debug/driverlib.lib
       interrupt.obj                  208    268       620    
       gpio.obj                       582    408       0      
       sysctl.obj                     330    108       0      
       systick.obj                    84     0         0      
       pwm.obj                        50     0         0      
       cpu.obj                        12     0         0      
    +--+------------------------------+------+---------+---------+
       Total:                         1266   784       620    
                                                              
    C:\ti\ccsv6\tools\compiler\arm_15.12.3.LTS\lib\rtsv7M4_T_le_v4SPD16_eabi.lib
       memcpy_t2.obj                  156    0         0      
       memset_t2.obj                  122    0         0      
       autoinit.obj                   112    0         0      
       copy_decompress_rle.obj        112    0         0      
       exit.obj                       84     0         12     
       boot.obj                       84     0         0      
       cpy_tbl.obj                    76     0         0      
       _lock.obj                      20     0         8      
       args_main.obj                  24     0         0      
       copy_decompress_none.obj       14     0         0      
       pre_init.obj                   4      0         0      
       stkdepth_vars.obj              0      0         4      
       mpu_init.obj                   2      0         0      
       startup.obj                    2      0         0      
    +--+------------------------------+------+---------+---------+
       Total:                         812    0         24     
                                                              
       Stack:                         0      0         512    
       Linker Generated:              0      74        0      
    +--+------------------------------+------+---------+---------+
       Grand Total:                   3458   1478      1200   


LINKER GENERATED COPY TABLES

__TI_cinit_table @ 00001344 records: 3, size/record: 8, table size: 24
	.data: load addr=00001308, load size=00000016 bytes, run addr=2000046c, run size=00000030 bytes, compression=rle
	.vtable: load addr=00001320, load size=0000000b bytes, run addr=20000000, run size=0000026c bytes, compression=rle
	.bss: load addr=00001330, load size=00000009 bytes, run addr=2000049c, run size=00000014 bytes, compression=rle


LINKER GENERATED HANDLER TABLE

__TI_handler_table @ 0000133c records: 2, size/record: 4, table size: 8
	index: 0, handler: __TI_decompress_rle24
	index: 1, handler: __TI_decompress_none


GLOBAL SYMBOLS: SORTED ALPHABETICALLY BY Name 

address   name                           
-------   ----                           
00000d11  C$$EXIT                        
00000fb9  CPUcpsie                       
00000bbf  Delay                          
00000e5d  GPIODirModeSet                 
00000fdd  GPIOIntClear                   
00000fc5  GPIOIntEnable                  
00000eed  GPIOIntRegister                
00000f9d  GPIOIntStatus                  
00000c11  GPIOIntTypeSet                 
00000555  GPIOPadConfigSet               
00000fe3  GPIOPinRead                    
00000f59  GPIOPinTypeGPIOInput           
00000b4d  IntEnable                      
00000f6b  IntMasterEnable                
00000e89  IntPrioritySet                 
00000df5  IntRegister                    
00000ead  PWMGenConfigure                
00000f7b  PWMGenPeriodSet                
0000026d  RXChannel                      
00000fd1  ResetISR                       
2000046c  RisingEdge1                    
20000470  RisingEdge2                    
20000474  RisingEdge3                    
20000478  RisingEdge4                    
2000047c  RisingEdge5                    
20000480  RisingEdge6                    
UNDEFED   SHT$$INIT_ARRAY$$Base          
UNDEFED   SHT$$INIT_ARRAY$$Limit         
000007ad  SysCtlClockGet                 
00000fe9  SysCtlDelay                    
00000e29  SysCtlPeripheralEnable         
00000f1d  SysTickEnable                  
00000f31  SysTickIntEnable               
00000ed1  SysTickIntRegister             
00000f8d  SysTickPeriodSet               
200004a8  Throttle                       
2000046c  __STACK_END                    
00000200  __STACK_SIZE                   
2000046c  __STACK_TOP                    
00001344  __TI_CINIT_Base                
0000135c  __TI_CINIT_Limit               
0000133c  __TI_Handler_Table_Base        
00001344  __TI_Handler_Table_Limit       
00000a71  __TI_auto_init                 
20000484  __TI_cleanup_ptr               
00000fab  __TI_decompress_none           
00000fef  __TI_decompress_rle24          
20000488  __TI_dtors_ptr                 
2000048c  __TI_enable_exit_profile_output
ffffffff  __TI_pprof_out_hndl            
ffffffff  __TI_prof_data_size            
ffffffff  __TI_prof_data_start           
00000000  __TI_static_base__             
000009f5  __aeabi_memclr                 
000009f5  __aeabi_memclr4                
000009f5  __aeabi_memclr8                
00000959  __aeabi_memcpy                 
00000959  __aeabi_memcpy4                
00000959  __aeabi_memcpy8                
000009f7  __aeabi_memset                 
000009f7  __aeabi_memset4                
000009f7  __aeabi_memset8                
ffffffff  __binit__                      
ffffffff  __c_args__                     
00000687  __mpu_init                     
2000026c  __stack                        
00000f05  _args_main                     
00000cbd  _c_int00                       
20000490  _lock                          
00000f53  _nop                           
00000f4b  _register_lock                 
00000f45  _register_unlock               
00000a6f  _system_post_cinit             
00000ff5  _system_pre_init               
20000494  _unlock                        
00000d15  abort                          
ffffffff  binit                          
00000915  constrain                      
00000d65  copy_in                        
00000d1d  exit                           
20000000  g_pfnRAMVectors                
00000000  g_pfnVectors                   
00000441  getRXchannel                   
00000689  initPWM                        
000003ff  initRX                         
00000bdd  initTime                       
0000047f  isArmed                        
00000c69  main                           
20000498  main_func_sp                   
000008bd  mapf                           
00000959  memcpy                         
000009fd  memset                         
00000c03  micros                         
200004ac  microsec                       
00000bf5  millis                         
00000737  writeMotor                     


GLOBAL SYMBOLS: SORTED BY Symbol Address 

address   name                           
-------   ----                           
00000000  __TI_static_base__             
00000000  g_pfnVectors                   
00000200  __STACK_SIZE                   
0000026d  RXChannel                      
000003ff  initRX                         
00000441  getRXchannel                   
0000047f  isArmed                        
00000555  GPIOPadConfigSet               
00000687  __mpu_init                     
00000689  initPWM                        
00000737  writeMotor                     
000007ad  SysCtlClockGet                 
000008bd  mapf                           
00000915  constrain                      
00000959  __aeabi_memcpy                 
00000959  __aeabi_memcpy4                
00000959  __aeabi_memcpy8                
00000959  memcpy                         
000009f5  __aeabi_memclr                 
000009f5  __aeabi_memclr4                
000009f5  __aeabi_memclr8                
000009f7  __aeabi_memset                 
000009f7  __aeabi_memset4                
000009f7  __aeabi_memset8                
000009fd  memset                         
00000a6f  _system_post_cinit             
00000a71  __TI_auto_init                 
00000b4d  IntEnable                      
00000bbf  Delay                          
00000bdd  initTime                       
00000bf5  millis                         
00000c03  micros                         
00000c11  GPIOIntTypeSet                 
00000c69  main                           
00000cbd  _c_int00                       
00000d11  C$$EXIT                        
00000d15  abort                          
00000d1d  exit                           
00000d65  copy_in                        
00000df5  IntRegister                    
00000e29  SysCtlPeripheralEnable         
00000e5d  GPIODirModeSet                 
00000e89  IntPrioritySet                 
00000ead  PWMGenConfigure                
00000ed1  SysTickIntRegister             
00000eed  GPIOIntRegister                
00000f05  _args_main                     
00000f1d  SysTickEnable                  
00000f31  SysTickIntEnable               
00000f45  _register_unlock               
00000f4b  _register_lock                 
00000f53  _nop                           
00000f59  GPIOPinTypeGPIOInput           
00000f6b  IntMasterEnable                
00000f7b  PWMGenPeriodSet                
00000f8d  SysTickPeriodSet               
00000f9d  GPIOIntStatus                  
00000fab  __TI_decompress_none           
00000fb9  CPUcpsie                       
00000fc5  GPIOIntEnable                  
00000fd1  ResetISR                       
00000fdd  GPIOIntClear                   
00000fe3  GPIOPinRead                    
00000fe9  SysCtlDelay                    
00000fef  __TI_decompress_rle24          
00000ff5  _system_pre_init               
0000133c  __TI_Handler_Table_Base        
00001344  __TI_CINIT_Base                
00001344  __TI_Handler_Table_Limit       
0000135c  __TI_CINIT_Limit               
20000000  g_pfnRAMVectors                
2000026c  __stack                        
2000046c  RisingEdge1                    
2000046c  __STACK_END                    
2000046c  __STACK_TOP                    
20000470  RisingEdge2                    
20000474  RisingEdge3                    
20000478  RisingEdge4                    
2000047c  RisingEdge5                    
20000480  RisingEdge6                    
20000484  __TI_cleanup_ptr               
20000488  __TI_dtors_ptr                 
2000048c  __TI_enable_exit_profile_output
20000490  _lock                          
20000494  _unlock                        
20000498  main_func_sp                   
200004a8  Throttle                       
200004ac  microsec                       
ffffffff  __TI_pprof_out_hndl            
ffffffff  __TI_prof_data_size            
ffffffff  __TI_prof_data_start           
ffffffff  __binit__                      
ffffffff  __c_args__                     
ffffffff  binit                          
UNDEFED   SHT$$INIT_ARRAY$$Base          
UNDEFED   SHT$$INIT_ARRAY$$Limit         

[96 symbols]
